
*** Running vivado
    with args -log Tri_State_Buffer.vds -m64 -product Vivado -mode batch -messageDb vivado.pb -notrace -source Tri_State_Buffer.tcl



****** Vivado v2025.2 (64-bit)
  **** SW Build 6299465 on Fri Nov 14 19:35:11 GMT 2025
  **** IP Build 6300035 on Fri Nov 14 10:48:45 MST 2025
  **** SharedData Build 6298862 on Thu Nov 13 04:50:51 MST 2025
  **** Start of session at: Fri May  1 22:08:45 2026
    ** Copyright 1986-2022 Xilinx, Inc. All Rights Reserved.
    ** Copyright 2022-2025 Advanced Micro Devices, Inc. All Rights Reserved.

source Tri_State_Buffer.tcl -notrace
create_project: Time (s): cpu = 00:00:14 ; elapsed = 00:00:11 . Memory (MB): peak = 527.668 ; gain = 220.398
Command: synth_design -top Tri_State_Buffer -part xc7a35tcpg236-1
Starting synth_design
Attempting to get a license for feature 'Synthesis' and/or device 'xc7a35t'
INFO: [Common 17-349] Got license for feature 'Synthesis' and/or device 'xc7a35t'
INFO: [Device 21-403] Loading part xc7a35tcpg236-1
INFO: [Synth 8-7079] Multithreading enabled for synth_design using a maximum of 2 processes.
INFO: [Synth 8-7078] Launching helper process for spawning children vivado processes
INFO: [Synth 8-7075] Helper process launched with PID 27256
---------------------------------------------------------------------------------
Starting RTL Elaboration : Time (s): cpu = 00:00:09 ; elapsed = 00:00:10 . Memory (MB): peak = 1265.070 ; gain = 541.258
---------------------------------------------------------------------------------
INFO: [Synth 8-638] synthesizing module 'Tri_State_Buffer' [C:/Users/VICTUS/OneDrive/Desktop/COADD/Nanoprocessor-Design/Nanoprocessor-Design-Compettition-main/src/project_1/project_1.srcs/sources_1/new/Tri_State_Buffer.vhd:40]
INFO: [Synth 8-256] done synthesizing module 'Tri_State_Buffer' (0#1) [C:/Users/VICTUS/OneDrive/Desktop/COADD/Nanoprocessor-Design/Nanoprocessor-Design-Compettition-main/src/project_1/project_1.srcs/sources_1/new/Tri_State_Buffer.vhd:40]
---------------------------------------------------------------------------------
Finished RTL Elaboration : Time (s): cpu = 00:00:12 ; elapsed = 00:00:13 . Memory (MB): peak = 1381.668 ; gain = 657.855
---------------------------------------------------------------------------------
---------------------------------------------------------------------------------
Start Handling Custom Attributes
---------------------------------------------------------------------------------
---------------------------------------------------------------------------------
Finished Handling Custom Attributes : Time (s): cpu = 00:00:12 ; elapsed = 00:00:13 . Memory (MB): peak = 1381.668 ; gain = 657.855
---------------------------------------------------------------------------------
---------------------------------------------------------------------------------
Finished RTL Optimization Phase 1 : Time (s): cpu = 00:00:12 ; elapsed = 00:00:13 . Memory (MB): peak = 1381.668 ; gain = 657.855
---------------------------------------------------------------------------------
Netlist sorting complete. Time (s): cpu = 00:00:00 ; elapsed = 00:00:00 . Memory (MB): peak = 1381.668 ; gain = 0.000
INFO: [Project 1-570] Preparing netlist for logic optimization

Processing XDC Constraints
Initializing timing engine
Parsing XDC File [C:/Users/VICTUS/OneDrive/Desktop/COADD/Nanoprocessor-Design/Nanoprocessor-Design-Compettition-main/src/project_1/project_1.srcs/constrs_1/imports/Downloads/Basys3Labs.xdc]
WARNING: [Vivado 12-584] No ports matched 'Clk'. [C:/Users/VICTUS/OneDrive/Desktop/COADD/Nanoprocessor-Design/Nanoprocessor-Design-Compettition-main/src/project_1/project_1.srcs/constrs_1/imports/Downloads/Basys3Labs.xdc:7]
CRITICAL WARNING: [Common 17-55] 'set_property' expects at least one object. [C:/Users/VICTUS/OneDrive/Desktop/COADD/Nanoprocessor-Design/Nanoprocessor-Design-Compettition-main/src/project_1/project_1.srcs/constrs_1/imports/Downloads/Basys3Labs.xdc:7]
Resolution: If [get_<value>] was used to populate the object, check to make sure this command returns at least one valid object.
WARNING: [Vivado 12-584] No ports matched 'Clk'. [C:/Users/VICTUS/OneDrive/Desktop/COADD/Nanoprocessor-Design/Nanoprocessor-Design-Compettition-main/src/project_1/project_1.srcs/constrs_1/imports/Downloads/Basys3Labs.xdc:8]
CRITICAL WARNING: [Common 17-55] 'set_property' expects at least one object. [C:/Users/VICTUS/OneDrive/Desktop/COADD/Nanoprocessor-Design/Nanoprocessor-Design-Compettition-main/src/project_1/project_1.srcs/constrs_1/imports/Downloads/Basys3Labs.xdc:8]
Resolution: If [get_<value>] was used to populate the object, check to make sure this command returns at least one valid object.
WARNING: [Vivado 12-584] No ports matched 'Clk'. [C:/Users/VICTUS/OneDrive/Desktop/COADD/Nanoprocessor-Design/Nanoprocessor-Design-Compettition-main/src/project_1/project_1.srcs/constrs_1/imports/Downloads/Basys3Labs.xdc:9]
CRITICAL WARNING: [Vivado 12-4739] create_clock:No valid object(s) found for '-objects [get_ports Clk]'. [C:/Users/VICTUS/OneDrive/Desktop/COADD/Nanoprocessor-Design/Nanoprocessor-Design-Compettition-main/src/project_1/project_1.srcs/constrs_1/imports/Downloads/Basys3Labs.xdc:9]
Resolution: Check if the specified object(s) exists in the current design. If it does, ensure that the correct design hierarchy was specified for the object. If you are working with clocks, make sure create_clock was used to create the clock object before it is referenced.
WARNING: [Vivado 12-584] No ports matched 'Answer_LED[0]'. [C:/Users/VICTUS/OneDrive/Desktop/COADD/Nanoprocessor-Design/Nanoprocessor-Design-Compettition-main/src/project_1/project_1.srcs/constrs_1/imports/Downloads/Basys3Labs.xdc:47]
CRITICAL WARNING: [Common 17-55] 'set_property' expects at least one object. [C:/Users/VICTUS/OneDrive/Desktop/COADD/Nanoprocessor-Design/Nanoprocessor-Design-Compettition-main/src/project_1/project_1.srcs/constrs_1/imports/Downloads/Basys3Labs.xdc:47]
Resolution: If [get_<value>] was used to populate the object, check to make sure this command returns at least one valid object.
WARNING: [Vivado 12-584] No ports matched 'Answer_LED[0]'. [C:/Users/VICTUS/OneDrive/Desktop/COADD/Nanoprocessor-Design/Nanoprocessor-Design-Compettition-main/src/project_1/project_1.srcs/constrs_1/imports/Downloads/Basys3Labs.xdc:48]
CRITICAL WARNING: [Common 17-55] 'set_property' expects at least one object. [C:/Users/VICTUS/OneDrive/Desktop/COADD/Nanoprocessor-Design/Nanoprocessor-Design-Compettition-main/src/project_1/project_1.srcs/constrs_1/imports/Downloads/Basys3Labs.xdc:48]
Resolution: If [get_<value>] was used to populate the object, check to make sure this command returns at least one valid object.
WARNING: [Vivado 12-584] No ports matched 'Answer_LED[1]'. [C:/Users/VICTUS/OneDrive/Desktop/COADD/Nanoprocessor-Design/Nanoprocessor-Design-Compettition-main/src/project_1/project_1.srcs/constrs_1/imports/Downloads/Basys3Labs.xdc:49]
CRITICAL WARNING: [Common 17-55] 'set_property' expects at least one object. [C:/Users/VICTUS/OneDrive/Desktop/COADD/Nanoprocessor-Design/Nanoprocessor-Design-Compettition-main/src/project_1/project_1.srcs/constrs_1/imports/Downloads/Basys3Labs.xdc:49]
Resolution: If [get_<value>] was used to populate the object, check to make sure this command returns at least one valid object.
WARNING: [Vivado 12-584] No ports matched 'Answer_LED[1]'. [C:/Users/VICTUS/OneDrive/Desktop/COADD/Nanoprocessor-Design/Nanoprocessor-Design-Compettition-main/src/project_1/project_1.srcs/constrs_1/imports/Downloads/Basys3Labs.xdc:50]
CRITICAL WARNING: [Common 17-55] 'set_property' expects at least one object. [C:/Users/VICTUS/OneDrive/Desktop/COADD/Nanoprocessor-Design/Nanoprocessor-Design-Compettition-main/src/project_1/project_1.srcs/constrs_1/imports/Downloads/Basys3Labs.xdc:50]
Resolution: If [get_<value>] was used to populate the object, check to make sure this command returns at least one valid object.
WARNING: [Vivado 12-584] No ports matched 'Answer_LED[2]'. [C:/Users/VICTUS/OneDrive/Desktop/COADD/Nanoprocessor-Design/Nanoprocessor-Design-Compettition-main/src/project_1/project_1.srcs/constrs_1/imports/Downloads/Basys3Labs.xdc:51]
CRITICAL WARNING: [Common 17-55] 'set_property' expects at least one object. [C:/Users/VICTUS/OneDrive/Desktop/COADD/Nanoprocessor-Design/Nanoprocessor-Design-Compettition-main/src/project_1/project_1.srcs/constrs_1/imports/Downloads/Basys3Labs.xdc:51]
Resolution: If [get_<value>] was used to populate the object, check to make sure this command returns at least one valid object.
WARNING: [Vivado 12-584] No ports matched 'Answer_LED[2]'. [C:/Users/VICTUS/OneDrive/Desktop/COADD/Nanoprocessor-Design/Nanoprocessor-Design-Compettition-main/src/project_1/project_1.srcs/constrs_1/imports/Downloads/Basys3Labs.xdc:52]
CRITICAL WARNING: [Common 17-55] 'set_property' expects at least one object. [C:/Users/VICTUS/OneDrive/Desktop/COADD/Nanoprocessor-Design/Nanoprocessor-Design-Compettition-main/src/project_1/project_1.srcs/constrs_1/imports/Downloads/Basys3Labs.xdc:52]
Resolution: If [get_<value>] was used to populate the object, check to make sure this command returns at least one valid object.
WARNING: [Vivado 12-584] No ports matched 'Answer_LED[3]'. [C:/Users/VICTUS/OneDrive/Desktop/COADD/Nanoprocessor-Design/Nanoprocessor-Design-Compettition-main/src/project_1/project_1.srcs/constrs_1/imports/Downloads/Basys3Labs.xdc:53]
CRITICAL WARNING: [Common 17-55] 'set_property' expects at least one object. [C:/Users/VICTUS/OneDrive/Desktop/COADD/Nanoprocessor-Design/Nanoprocessor-Design-Compettition-main/src/project_1/project_1.srcs/constrs_1/imports/Downloads/Basys3Labs.xdc:53]
Resolution: If [get_<value>] was used to populate the object, check to make sure this command returns at least one valid object.
WARNING: [Vivado 12-584] No ports matched 'Answer_LED[3]'. [C:/Users/VICTUS/OneDrive/Desktop/COADD/Nanoprocessor-Design/Nanoprocessor-Design-Compettition-main/src/project_1/project_1.srcs/constrs_1/imports/Downloads/Basys3Labs.xdc:54]
CRITICAL WARNING: [Common 17-55] 'set_property' expects at least one object. [C:/Users/VICTUS/OneDrive/Desktop/COADD/Nanoprocessor-Design/Nanoprocessor-Design-Compettition-main/src/project_1/project_1.srcs/constrs_1/imports/Downloads/Basys3Labs.xdc:54]
Resolution: If [get_<value>] was used to populate the object, check to make sure this command returns at least one valid object.
WARNING: [Vivado 12-584] No ports matched 'Overflow'. [C:/Users/VICTUS/OneDrive/Desktop/COADD/Nanoprocessor-Design/Nanoprocessor-Design-Compettition-main/src/project_1/project_1.srcs/constrs_1/imports/Downloads/Basys3Labs.xdc:75]
CRITICAL WARNING: [Common 17-55] 'set_property' expects at least one object. [C:/Users/VICTUS/OneDrive/Desktop/COADD/Nanoprocessor-Design/Nanoprocessor-Design-Compettition-main/src/project_1/project_1.srcs/constrs_1/imports/Downloads/Basys3Labs.xdc:75]
Resolution: If [get_<value>] was used to populate the object, check to make sure this command returns at least one valid object.
WARNING: [Vivado 12-584] No ports matched 'Overflow'. [C:/Users/VICTUS/OneDrive/Desktop/COADD/Nanoprocessor-Design/Nanoprocessor-Design-Compettition-main/src/project_1/project_1.srcs/constrs_1/imports/Downloads/Basys3Labs.xdc:76]
CRITICAL WARNING: [Common 17-55] 'set_property' expects at least one object. [C:/Users/VICTUS/OneDrive/Desktop/COADD/Nanoprocessor-Design/Nanoprocessor-Design-Compettition-main/src/project_1/project_1.srcs/constrs_1/imports/Downloads/Basys3Labs.xdc:76]
Resolution: If [get_<value>] was used to populate the object, check to make sure this command returns at least one valid object.
WARNING: [Vivado 12-584] No ports matched 'Zero'. [C:/Users/VICTUS/OneDrive/Desktop/COADD/Nanoprocessor-Design/Nanoprocessor-Design-Compettition-main/src/project_1/project_1.srcs/constrs_1/imports/Downloads/Basys3Labs.xdc:77]
CRITICAL WARNING: [Common 17-55] 'set_property' expects at least one object. [C:/Users/VICTUS/OneDrive/Desktop/COADD/Nanoprocessor-Design/Nanoprocessor-Design-Compettition-main/src/project_1/project_1.srcs/constrs_1/imports/Downloads/Basys3Labs.xdc:77]
Resolution: If [get_<value>] was used to populate the object, check to make sure this command returns at least one valid object.
WARNING: [Vivado 12-584] No ports matched 'Zero'. [C:/Users/VICTUS/OneDrive/Desktop/COADD/Nanoprocessor-Design/Nanoprocessor-Design-Compettition-main/src/project_1/project_1.srcs/constrs_1/imports/Downloads/Basys3Labs.xdc:78]
CRITICAL WARNING: [Common 17-55] 'set_property' expects at least one object. [C:/Users/VICTUS/OneDrive/Desktop/COADD/Nanoprocessor-Design/Nanoprocessor-Design-Compettition-main/src/project_1/project_1.srcs/constrs_1/imports/Downloads/Basys3Labs.xdc:78]
Resolution: If [get_<value>] was used to populate the object, check to make sure this command returns at least one valid object.
WARNING: [Vivado 12-584] No ports matched 'Answer_7Seg[0]'. [C:/Users/VICTUS/OneDrive/Desktop/COADD/Nanoprocessor-Design/Nanoprocessor-Design-Compettition-main/src/project_1/project_1.srcs/constrs_1/imports/Downloads/Basys3Labs.xdc:82]
CRITICAL WARNING: [Common 17-55] 'set_property' expects at least one object. [C:/Users/VICTUS/OneDrive/Desktop/COADD/Nanoprocessor-Design/Nanoprocessor-Design-Compettition-main/src/project_1/project_1.srcs/constrs_1/imports/Downloads/Basys3Labs.xdc:82]
Resolution: If [get_<value>] was used to populate the object, check to make sure this command returns at least one valid object.
WARNING: [Vivado 12-584] No ports matched 'Answer_7Seg[0]'. [C:/Users/VICTUS/OneDrive/Desktop/COADD/Nanoprocessor-Design/Nanoprocessor-Design-Compettition-main/src/project_1/project_1.srcs/constrs_1/imports/Downloads/Basys3Labs.xdc:83]
CRITICAL WARNING: [Common 17-55] 'set_property' expects at least one object. [C:/Users/VICTUS/OneDrive/Desktop/COADD/Nanoprocessor-Design/Nanoprocessor-Design-Compettition-main/src/project_1/project_1.srcs/constrs_1/imports/Downloads/Basys3Labs.xdc:83]
Resolution: If [get_<value>] was used to populate the object, check to make sure this command returns at least one valid object.
WARNING: [Vivado 12-584] No ports matched 'Answer_7Seg[1]'. [C:/Users/VICTUS/OneDrive/Desktop/COADD/Nanoprocessor-Design/Nanoprocessor-Design-Compettition-main/src/project_1/project_1.srcs/constrs_1/imports/Downloads/Basys3Labs.xdc:84]
CRITICAL WARNING: [Common 17-55] 'set_property' expects at least one object. [C:/Users/VICTUS/OneDrive/Desktop/COADD/Nanoprocessor-Design/Nanoprocessor-Design-Compettition-main/src/project_1/project_1.srcs/constrs_1/imports/Downloads/Basys3Labs.xdc:84]
Resolution: If [get_<value>] was used to populate the object, check to make sure this command returns at least one valid object.
WARNING: [Vivado 12-584] No ports matched 'Answer_7Seg[1]'. [C:/Users/VICTUS/OneDrive/Desktop/COADD/Nanoprocessor-Design/Nanoprocessor-Design-Compettition-main/src/project_1/project_1.srcs/constrs_1/imports/Downloads/Basys3Labs.xdc:85]
CRITICAL WARNING: [Common 17-55] 'set_property' expects at least one object. [C:/Users/VICTUS/OneDrive/Desktop/COADD/Nanoprocessor-Design/Nanoprocessor-Design-Compettition-main/src/project_1/project_1.srcs/constrs_1/imports/Downloads/Basys3Labs.xdc:85]
Resolution: If [get_<value>] was used to populate the object, check to make sure this command returns at least one valid object.
WARNING: [Vivado 12-584] No ports matched 'Answer_7Seg[2]'. [C:/Users/VICTUS/OneDrive/Desktop/COADD/Nanoprocessor-Design/Nanoprocessor-Design-Compettition-main/src/project_1/project_1.srcs/constrs_1/imports/Downloads/Basys3Labs.xdc:86]
CRITICAL WARNING: [Common 17-55] 'set_property' expects at least one object. [C:/Users/VICTUS/OneDrive/Desktop/COADD/Nanoprocessor-Design/Nanoprocessor-Design-Compettition-main/src/project_1/project_1.srcs/constrs_1/imports/Downloads/Basys3Labs.xdc:86]
Resolution: If [get_<value>] was used to populate the object, check to make sure this command returns at least one valid object.
WARNING: [Vivado 12-584] No ports matched 'Answer_7Seg[2]'. [C:/Users/VICTUS/OneDrive/Desktop/COADD/Nanoprocessor-Design/Nanoprocessor-Design-Compettition-main/src/project_1/project_1.srcs/constrs_1/imports/Downloads/Basys3Labs.xdc:87]
CRITICAL WARNING: [Common 17-55] 'set_property' expects at least one object. [C:/Users/VICTUS/OneDrive/Desktop/COADD/Nanoprocessor-Design/Nanoprocessor-Design-Compettition-main/src/project_1/project_1.srcs/constrs_1/imports/Downloads/Basys3Labs.xdc:87]
Resolution: If [get_<value>] was used to populate the object, check to make sure this command returns at least one valid object.
WARNING: [Vivado 12-584] No ports matched 'Answer_7Seg[3]'. [C:/Users/VICTUS/OneDrive/Desktop/COADD/Nanoprocessor-Design/Nanoprocessor-Design-Compettition-main/src/project_1/project_1.srcs/constrs_1/imports/Downloads/Basys3Labs.xdc:88]
CRITICAL WARNING: [Common 17-55] 'set_property' expects at least one object. [C:/Users/VICTUS/OneDrive/Desktop/COADD/Nanoprocessor-Design/Nanoprocessor-Design-Compettition-main/src/project_1/project_1.srcs/constrs_1/imports/Downloads/Basys3Labs.xdc:88]
Resolution: If [get_<value>] was used to populate the object, check to make sure this command returns at least one valid object.
WARNING: [Vivado 12-584] No ports matched 'Answer_7Seg[3]'. [C:/Users/VICTUS/OneDrive/Desktop/COADD/Nanoprocessor-Design/Nanoprocessor-Design-Compettition-main/src/project_1/project_1.srcs/constrs_1/imports/Downloads/Basys3Labs.xdc:89]
CRITICAL WARNING: [Common 17-55] 'set_property' expects at least one object. [C:/Users/VICTUS/OneDrive/Desktop/COADD/Nanoprocessor-Design/Nanoprocessor-Design-Compettition-main/src/project_1/project_1.srcs/constrs_1/imports/Downloads/Basys3Labs.xdc:89]
Resolution: If [get_<value>] was used to populate the object, check to make sure this command returns at least one valid object.
WARNING: [Vivado 12-584] No ports matched 'Answer_7Seg[4]'. [C:/Users/VICTUS/OneDrive/Desktop/COADD/Nanoprocessor-Design/Nanoprocessor-Design-Compettition-main/src/project_1/project_1.srcs/constrs_1/imports/Downloads/Basys3Labs.xdc:90]
CRITICAL WARNING: [Common 17-55] 'set_property' expects at least one object. [C:/Users/VICTUS/OneDrive/Desktop/COADD/Nanoprocessor-Design/Nanoprocessor-Design-Compettition-main/src/project_1/project_1.srcs/constrs_1/imports/Downloads/Basys3Labs.xdc:90]
Resolution: If [get_<value>] was used to populate the object, check to make sure this command returns at least one valid object.
WARNING: [Vivado 12-584] No ports matched 'Answer_7Seg[4]'. [C:/Users/VICTUS/OneDrive/Desktop/COADD/Nanoprocessor-Design/Nanoprocessor-Design-Compettition-main/src/project_1/project_1.srcs/constrs_1/imports/Downloads/Basys3Labs.xdc:91]
CRITICAL WARNING: [Common 17-55] 'set_property' expects at least one object. [C:/Users/VICTUS/OneDrive/Desktop/COADD/Nanoprocessor-Design/Nanoprocessor-Design-Compettition-main/src/project_1/project_1.srcs/constrs_1/imports/Downloads/Basys3Labs.xdc:91]
Resolution: If [get_<value>] was used to populate the object, check to make sure this command returns at least one valid object.
WARNING: [Vivado 12-584] No ports matched 'Answer_7Seg[5]'. [C:/Users/VICTUS/OneDrive/Desktop/COADD/Nanoprocessor-Design/Nanoprocessor-Design-Compettition-main/src/project_1/project_1.srcs/constrs_1/imports/Downloads/Basys3Labs.xdc:92]
CRITICAL WARNING: [Common 17-55] 'set_property' expects at least one object. [C:/Users/VICTUS/OneDrive/Desktop/COADD/Nanoprocessor-Design/Nanoprocessor-Design-Compettition-main/src/project_1/project_1.srcs/constrs_1/imports/Downloads/Basys3Labs.xdc:92]
Resolution: If [get_<value>] was used to populate the object, check to make sure this command returns at least one valid object.
WARNING: [Vivado 12-584] No ports matched 'Answer_7Seg[5]'. [C:/Users/VICTUS/OneDrive/Desktop/COADD/Nanoprocessor-Design/Nanoprocessor-Design-Compettition-main/src/project_1/project_1.srcs/constrs_1/imports/Downloads/Basys3Labs.xdc:93]
CRITICAL WARNING: [Common 17-55] 'set_property' expects at least one object. [C:/Users/VICTUS/OneDrive/Desktop/COADD/Nanoprocessor-Design/Nanoprocessor-Design-Compettition-main/src/project_1/project_1.srcs/constrs_1/imports/Downloads/Basys3Labs.xdc:93]
Resolution: If [get_<value>] was used to populate the object, check to make sure this command returns at least one valid object.
WARNING: [Vivado 12-584] No ports matched 'Answer_7Seg[6]'. [C:/Users/VICTUS/OneDrive/Desktop/COADD/Nanoprocessor-Design/Nanoprocessor-Design-Compettition-main/src/project_1/project_1.srcs/constrs_1/imports/Downloads/Basys3Labs.xdc:94]
CRITICAL WARNING: [Common 17-55] 'set_property' expects at least one object. [C:/Users/VICTUS/OneDrive/Desktop/COADD/Nanoprocessor-Design/Nanoprocessor-Design-Compettition-main/src/project_1/project_1.srcs/constrs_1/imports/Downloads/Basys3Labs.xdc:94]
Resolution: If [get_<value>] was used to populate the object, check to make sure this command returns at least one valid object.
WARNING: [Vivado 12-584] No ports matched 'Answer_7Seg[6]'. [C:/Users/VICTUS/OneDrive/Desktop/COADD/Nanoprocessor-Design/Nanoprocessor-Design-Compettition-main/src/project_1/project_1.srcs/constrs_1/imports/Downloads/Basys3Labs.xdc:95]
CRITICAL WARNING: [Common 17-55] 'set_property' expects at least one object. [C:/Users/VICTUS/OneDrive/Desktop/COADD/Nanoprocessor-Design/Nanoprocessor-Design-Compettition-main/src/project_1/project_1.srcs/constrs_1/imports/Downloads/Basys3Labs.xdc:95]
Resolution: If [get_<value>] was used to populate the object, check to make sure this command returns at least one valid object.
WARNING: [Vivado 12-584] No ports matched 'Anode[0]'. [C:/Users/VICTUS/OneDrive/Desktop/COADD/Nanoprocessor-Design/Nanoprocessor-Design-Compettition-main/src/project_1/project_1.srcs/constrs_1/imports/Downloads/Basys3Labs.xdc:100]
CRITICAL WARNING: [Common 17-55] 'set_property' expects at least one object. [C:/Users/VICTUS/OneDrive/Desktop/COADD/Nanoprocessor-Design/Nanoprocessor-Design-Compettition-main/src/project_1/project_1.srcs/constrs_1/imports/Downloads/Basys3Labs.xdc:100]
Resolution: If [get_<value>] was used to populate the object, check to make sure this command returns at least one valid object.
WARNING: [Vivado 12-584] No ports matched 'Anode[0]'. [C:/Users/VICTUS/OneDrive/Desktop/COADD/Nanoprocessor-Design/Nanoprocessor-Design-Compettition-main/src/project_1/project_1.srcs/constrs_1/imports/Downloads/Basys3Labs.xdc:101]
CRITICAL WARNING: [Common 17-55] 'set_property' expects at least one object. [C:/Users/VICTUS/OneDrive/Desktop/COADD/Nanoprocessor-Design/Nanoprocessor-Design-Compettition-main/src/project_1/project_1.srcs/constrs_1/imports/Downloads/Basys3Labs.xdc:101]
Resolution: If [get_<value>] was used to populate the object, check to make sure this command returns at least one valid object.
WARNING: [Vivado 12-584] No ports matched 'Anode[1]'. [C:/Users/VICTUS/OneDrive/Desktop/COADD/Nanoprocessor-Design/Nanoprocessor-Design-Compettition-main/src/project_1/project_1.srcs/constrs_1/imports/Downloads/Basys3Labs.xdc:102]
CRITICAL WARNING: [Common 17-55] 'set_property' expects at least one object. [C:/Users/VICTUS/OneDrive/Desktop/COADD/Nanoprocessor-Design/Nanoprocessor-Design-Compettition-main/src/project_1/project_1.srcs/constrs_1/imports/Downloads/Basys3Labs.xdc:102]
Resolution: If [get_<value>] was used to populate the object, check to make sure this command returns at least one valid object.
WARNING: [Vivado 12-584] No ports matched 'Anode[1]'. [C:/Users/VICTUS/OneDrive/Desktop/COADD/Nanoprocessor-Design/Nanoprocessor-Design-Compettition-main/src/project_1/project_1.srcs/constrs_1/imports/Downloads/Basys3Labs.xdc:103]
CRITICAL WARNING: [Common 17-55] 'set_property' expects at least one object. [C:/Users/VICTUS/OneDrive/Desktop/COADD/Nanoprocessor-Design/Nanoprocessor-Design-Compettition-main/src/project_1/project_1.srcs/constrs_1/imports/Downloads/Basys3Labs.xdc:103]
Resolution: If [get_<value>] was used to populate the object, check to make sure this command returns at least one valid object.
WARNING: [Vivado 12-584] No ports matched 'Anode[2]'. [C:/Users/VICTUS/OneDrive/Desktop/COADD/Nanoprocessor-Design/Nanoprocessor-Design-Compettition-main/src/project_1/project_1.srcs/constrs_1/imports/Downloads/Basys3Labs.xdc:104]
CRITICAL WARNING: [Common 17-55] 'set_property' expects at least one object. [C:/Users/VICTUS/OneDrive/Desktop/COADD/Nanoprocessor-Design/Nanoprocessor-Design-Compettition-main/src/project_1/project_1.srcs/constrs_1/imports/Downloads/Basys3Labs.xdc:104]
Resolution: If [get_<value>] was used to populate the object, check to make sure this command returns at least one valid object.
WARNING: [Vivado 12-584] No ports matched 'Anode[2]'. [C:/Users/VICTUS/OneDrive/Desktop/COADD/Nanoprocessor-Design/Nanoprocessor-Design-Compettition-main/src/project_1/project_1.srcs/constrs_1/imports/Downloads/Basys3Labs.xdc:105]
CRITICAL WARNING: [Common 17-55] 'set_property' expects at least one object. [C:/Users/VICTUS/OneDrive/Desktop/COADD/Nanoprocessor-Design/Nanoprocessor-Design-Compettition-main/src/project_1/project_1.srcs/constrs_1/imports/Downloads/Basys3Labs.xdc:105]
Resolution: If [get_<value>] was used to populate the object, check to make sure this command returns at least one valid object.
WARNING: [Vivado 12-584] No ports matched 'Anode[3]'. [C:/Users/VICTUS/OneDrive/Desktop/COADD/Nanoprocessor-Design/Nanoprocessor-Design-Compettition-main/src/project_1/project_1.srcs/constrs_1/imports/Downloads/Basys3Labs.xdc:106]
CRITICAL WARNING: [Common 17-55] 'set_property' expects at least one object. [C:/Users/VICTUS/OneDrive/Desktop/COADD/Nanoprocessor-Design/Nanoprocessor-Design-Compettition-main/src/project_1/project_1.srcs/constrs_1/imports/Downloads/Basys3Labs.xdc:106]
Resolution: If [get_<value>] was used to populate the object, check to make sure this command returns at least one valid object.
WARNING: [Vivado 12-584] No ports matched 'Anode[3]'. [C:/Users/VICTUS/OneDrive/Desktop/COADD/Nanoprocessor-Design/Nanoprocessor-Design-Compettition-main/src/project_1/project_1.srcs/constrs_1/imports/Downloads/Basys3Labs.xdc:107]
CRITICAL WARNING: [Common 17-55] 'set_property' expects at least one object. [C:/Users/VICTUS/OneDrive/Desktop/COADD/Nanoprocessor-Design/Nanoprocessor-Design-Compettition-main/src/project_1/project_1.srcs/constrs_1/imports/Downloads/Basys3Labs.xdc:107]
Resolution: If [get_<value>] was used to populate the object, check to make sure this command returns at least one valid object.
WARNING: [Vivado 12-584] No ports matched 'Reset'. [C:/Users/VICTUS/OneDrive/Desktop/COADD/Nanoprocessor-Design/Nanoprocessor-Design-Compettition-main/src/project_1/project_1.srcs/constrs_1/imports/Downloads/Basys3Labs.xdc:111]
CRITICAL WARNING: [Common 17-55] 'set_property' expects at least one object. [C:/Users/VICTUS/OneDrive/Desktop/COADD/Nanoprocessor-Design/Nanoprocessor-Design-Compettition-main/src/project_1/project_1.srcs/constrs_1/imports/Downloads/Basys3Labs.xdc:111]
Resolution: If [get_<value>] was used to populate the object, check to make sure this command returns at least one valid object.
WARNING: [Vivado 12-584] No ports matched 'Reset'. [C:/Users/VICTUS/OneDrive/Desktop/COADD/Nanoprocessor-Design/Nanoprocessor-Design-Compettition-main/src/project_1/project_1.srcs/constrs_1/imports/Downloads/Basys3Labs.xdc:112]
CRITICAL WARNING: [Common 17-55] 'set_property' expects at least one object. [C:/Users/VICTUS/OneDrive/Desktop/COADD/Nanoprocessor-Design/Nanoprocessor-Design-Compettition-main/src/project_1/project_1.srcs/constrs_1/imports/Downloads/Basys3Labs.xdc:112]
Resolution: If [get_<value>] was used to populate the object, check to make sure this command returns at least one valid object.
Finished Parsing XDC File [C:/Users/VICTUS/OneDrive/Desktop/COADD/Nanoprocessor-Design/Nanoprocessor-Design-Compettition-main/src/project_1/project_1.srcs/constrs_1/imports/Downloads/Basys3Labs.xdc]
Completed Processing XDC Constraints

Netlist sorting complete. Time (s): cpu = 00:00:00 ; elapsed = 00:00:00 . Memory (MB): peak = 1381.668 ; gain = 0.000
INFO: [Project 1-111] Unisim Transformation Summary:
No Unisim elements were transformed.

Constraint Validation Runtime : Time (s): cpu = 00:00:00 ; elapsed = 00:00:00.009 . Memory (MB): peak = 1381.668 ; gain = 0.000
---------------------------------------------------------------------------------
Finished Constraint Validation : Time (s): cpu = 00:00:23 ; elapsed = 00:00:25 . Memory (MB): peak = 1381.668 ; gain = 657.855
---------------------------------------------------------------------------------
---------------------------------------------------------------------------------
Start Loading Part and Timing Information
---------------------------------------------------------------------------------
Loading part: xc7a35tcpg236-1
---------------------------------------------------------------------------------
Finished Loading Part and Timing Information : Time (s): cpu = 00:00:23 ; elapsed = 00:00:25 . Memory (MB): peak = 1381.668 ; gain = 657.855
---------------------------------------------------------------------------------
---------------------------------------------------------------------------------
Start Applying 'set_property' XDC Constraints
---------------------------------------------------------------------------------
---------------------------------------------------------------------------------
Finished applying 'set_property' XDC Constraints : Time (s): cpu = 00:00:23 ; elapsed = 00:00:25 . Memory (MB): peak = 1381.668 ; gain = 657.855
---------------------------------------------------------------------------------
---------------------------------------------------------------------------------
Finished RTL Optimization Phase 2 : Time (s): cpu = 00:00:23 ; elapsed = 00:00:25 . Memory (MB): peak = 1381.668 ; gain = 657.855
---------------------------------------------------------------------------------
No constraint files found.
---------------------------------------------------------------------------------
Start RTL Component Statistics 
---------------------------------------------------------------------------------
Detailed RTL Component Info : 
---------------------------------------------------------------------------------
Finished RTL Component Statistics 
---------------------------------------------------------------------------------
---------------------------------------------------------------------------------
Start Part Resource Summary
---------------------------------------------------------------------------------
Part Resources:
DSPs: 90 (col length:60)
BRAMs: 100 (col length: RAMB18 60 RAMB36 30)
---------------------------------------------------------------------------------
Finished Part Resource Summary
---------------------------------------------------------------------------------
No constraint files found.
---------------------------------------------------------------------------------
Start Cross Boundary and Area Optimization
---------------------------------------------------------------------------------
---------------------------------------------------------------------------------
Finished Cross Boundary and Area Optimization : Time (s): cpu = 00:00:25 ; elapsed = 00:00:28 . Memory (MB): peak = 1392.180 ; gain = 668.367
---------------------------------------------------------------------------------
No constraint files found.
---------------------------------------------------------------------------------
Start Timing Optimization
---------------------------------------------------------------------------------
---------------------------------------------------------------------------------
Finished Timing Optimization : Time (s): cpu = 00:00:25 ; elapsed = 00:00:28 . Memory (MB): peak = 1392.180 ; gain = 668.367
---------------------------------------------------------------------------------
---------------------------------------------------------------------------------
Start Technology Mapping
---------------------------------------------------------------------------------
---------------------------------------------------------------------------------
Finished Technology Mapping : Time (s): cpu = 00:00:25 ; elapsed = 00:00:28 . Memory (MB): peak = 1401.719 ; gain = 677.906
---------------------------------------------------------------------------------
---------------------------------------------------------------------------------
Start IO Insertion
---------------------------------------------------------------------------------
---------------------------------------------------------------------------------
Start Flattening Before IO Insertion
---------------------------------------------------------------------------------
---------------------------------------------------------------------------------
Finished Flattening Before IO Insertion
---------------------------------------------------------------------------------
---------------------------------------------------------------------------------
Start Final Netlist Cleanup
---------------------------------------------------------------------------------
---------------------------------------------------------------------------------
Finished Final Netlist Cleanup
---------------------------------------------------------------------------------
---------------------------------------------------------------------------------
Finished IO Insertion : Time (s): cpu = 00:00:30 ; elapsed = 00:00:32 . Memory (MB): peak = 1651.641 ; gain = 927.828
---------------------------------------------------------------------------------
---------------------------------------------------------------------------------
Start Renaming Generated Instances
---------------------------------------------------------------------------------
---------------------------------------------------------------------------------
Finished Renaming Generated Instances : Time (s): cpu = 00:00:30 ; elapsed = 00:00:32 . Memory (MB): peak = 1651.641 ; gain = 927.828
---------------------------------------------------------------------------------
---------------------------------------------------------------------------------
Start Rebuilding User Hierarchy
---------------------------------------------------------------------------------
---------------------------------------------------------------------------------
Finished Rebuilding User Hierarchy : Time (s): cpu = 00:00:30 ; elapsed = 00:00:32 . Memory (MB): peak = 1651.641 ; gain = 927.828
---------------------------------------------------------------------------------
---------------------------------------------------------------------------------
Start Renaming Generated Ports
---------------------------------------------------------------------------------
---------------------------------------------------------------------------------
Finished Renaming Generated Ports : Time (s): cpu = 00:00:30 ; elapsed = 00:00:32 . Memory (MB): peak = 1651.641 ; gain = 927.828
---------------------------------------------------------------------------------
---------------------------------------------------------------------------------
Start Handling Custom Attributes
---------------------------------------------------------------------------------
---------------------------------------------------------------------------------
Finished Handling Custom Attributes : Time (s): cpu = 00:00:30 ; elapsed = 00:00:32 . Memory (MB): peak = 1651.641 ; gain = 927.828
---------------------------------------------------------------------------------
---------------------------------------------------------------------------------
Start Renaming Generated Nets
---------------------------------------------------------------------------------
---------------------------------------------------------------------------------
Finished Renaming Generated Nets : Time (s): cpu = 00:00:30 ; elapsed = 00:00:32 . Memory (MB): peak = 1651.641 ; gain = 927.828
---------------------------------------------------------------------------------
---------------------------------------------------------------------------------
Start Writing Synthesis Report
---------------------------------------------------------------------------------

Report BlackBoxes: 
+-+--------------+----------+
| |BlackBox name |Instances |
+-+--------------+----------+
+-+--------------+----------+

Report Cell Usage: 
+------+------+------+
|      |Cell  |Count |
+------+------+------+
|1     |LUT1  |     1|
|2     |IBUF  |     2|
|3     |OBUFT |     1|
+------+------+------+
---------------------------------------------------------------------------------
Finished Writing Synthesis Report : Time (s): cpu = 00:00:30 ; elapsed = 00:00:32 . Memory (MB): peak = 1651.641 ; gain = 927.828
---------------------------------------------------------------------------------
Synthesis finished with 0 errors, 0 critical warnings and 0 warnings.
Synthesis Optimization Runtime : Time (s): cpu = 00:00:15 ; elapsed = 00:00:29 . Memory (MB): peak = 1651.641 ; gain = 927.828
Synthesis Optimization Complete : Time (s): cpu = 00:00:30 ; elapsed = 00:00:32 . Memory (MB): peak = 1651.641 ; gain = 927.828
INFO: [Project 1-571] Translating synthesized netlist
Netlist sorting complete. Time (s): cpu = 00:00:00 ; elapsed = 00:00:00 . Memory (MB): peak = 1664.727 ; gain = 0.000
INFO: [Project 1-570] Preparing netlist for logic optimization
INFO: [Opt 31-138] Pushed 0 inverter(s) to 0 load pin(s).
Netlist sorting complete. Time (s): cpu = 00:00:00 ; elapsed = 00:00:00 . Memory (MB): peak = 1761.664 ; gain = 0.000
INFO: [Project 1-111] Unisim Transformation Summary:
No Unisim elements were transformed.

Synth Design complete | Checksum: 18dc66be
INFO: [Common 17-83] Releasing license: Synthesis
14 Infos, 39 Warnings, 39 Critical Warnings and 0 Errors encountered.
synth_design completed successfully
synth_design: Time (s): cpu = 00:00:34 ; elapsed = 00:00:41 . Memory (MB): peak = 1761.664 ; gain = 1233.996
INFO: [runtcl-6] Synthesis results are not added to the cache due to CRITICAL_WARNING
Write ShapeDB Complete: Time (s): cpu = 00:00:00 ; elapsed = 00:00:00.001 . Memory (MB): peak = 1761.664 ; gain = 0.000
INFO: [Common 17-1381] The checkpoint 'C:/Users/VICTUS/OneDrive/Desktop/COADD/Nanoprocessor-Design/Nanoprocessor-Design-Compettition-main/src/project_1/project_1.runs/synth_1/Tri_State_Buffer.dcp' has been generated.
INFO: [Vivado 12-24828] Executing command : report_utilization -file Tri_State_Buffer_utilization_synth.rpt -pb Tri_State_Buffer_utilization_synth.pb
INFO: [Common 17-206] Exiting Vivado at Fri May  1 22:09:46 2026...
