#-----------------------------------------------------------
# Vivado v2025.2 (64-bit)
# SW Build 6299465 on Fri Nov 14 19:35:11 GMT 2025
# IP Build 6300035 on Fri Nov 14 10:48:45 MST 2025
# SharedData Build 6298862 on Thu Nov 13 04:50:51 MST 2025
# Start of session at: Fri May  1 22:08:45 2026
# Process ID         : 2768
# Current directory  : C:/Users/VICTUS/OneDrive/Desktop/COADD/Nanoprocessor-Design/Nanoprocessor-Design-Compettition-main/src/project_1/project_1.runs/synth_1
# Command line       : vivado.exe -log Tri_State_Buffer.vds -product Vivado -mode batch -messageDb vivado.pb -notrace -source Tri_State_Buffer.tcl
# Log file           : C:/Users/VICTUS/OneDrive/Desktop/COADD/Nanoprocessor-Design/Nanoprocessor-Design-Compettition-main/src/project_1/project_1.runs/synth_1/Tri_State_Buffer.vds
# Journal file       : C:/Users/VICTUS/OneDrive/Desktop/COADD/Nanoprocessor-Design/Nanoprocessor-Design-Compettition-main/src/project_1/project_1.runs/synth_1\vivado.jou
# Running On         : NethmiNadeeshani
# Platform           : Windows Server 2016 or Windows 10
# Operating System   : 26200
# Processor Detail   : AMD Ryzen 7 8845HS w/ Radeon 780M Graphics
# CPU Frequency      : 3793 MHz
# CPU Physical cores : 8
# CPU Logical cores  : 16
# Host memory        : 16356 MB
# Swap memory        : 30044 MB
# Total Virtual      : 46401 MB
# Available Virtual  : 5781 MB
#-----------------------------------------------------------
source Tri_State_Buffer.tcl -notrace
