#-----------------------------------------------------------
# Vivado v2018.3 (64-bit)
# SW Build 2405991 on Thu Dec  6 23:38:27 MST 2018
# IP Build 2404404 on Fri Dec  7 01:43:56 MST 2018
# Start of session at: Fri May  1 12:35:50 2026
# Process ID: 29124
# Current directory: C:/Users/USER/Desktop/Nanoprocessor-Design-Compettition-main/src/project_1
# Command line: vivado.exe -gui_launcher_event rodinguilauncherevent9256 C:\Users\USER\Desktop\Nanoprocessor-Design-Compettition-main\src\project_1\project_1.xpr
# Log file: C:/Users/USER/Desktop/Nanoprocessor-Design-Compettition-main/src/project_1/vivado.log
# Journal file: C:/Users/USER/Desktop/Nanoprocessor-Design-Compettition-main/src/project_1\vivado.jou
#-----------------------------------------------------------
start_gui
open_project C:/Users/USER/Desktop/Nanoprocessor-Design-Compettition-main/src/project_1/project_1.xpr
Scanning sources...
Finished scanning sources
WARNING: [Project 1-865] Could not find the file C:/Users/USER/Desktop/Nanoprocessor-Design-Compettition-main/src/project_1/project_1.srcs/utils_1/imports/synth_1/Nano_Processor_7_seg.dcp
WARNING: [Project 1-865] Could not find the file C:/Users/USER/Desktop/Nanoprocessor-Design-Compettition-main/src/project_1/project_1.srcs/utils_1/imports/synth_1/Nano_Processor_7_seg.dcp
INFO: [IP_Flow 19-234] Refreshing IP repositories
INFO: [IP_Flow 19-1704] No user IP repositories specified
INFO: [IP_Flow 19-2313] Loaded Vivado IP repository 'C:/Xilinx/Vivado/2018.3/data/ip'.
update_compile_order -fileset sources_1
reset_run synth_1
launch_runs synth_1 -jobs 8
[Fri May  1 12:37:21 2026] Launched synth_1...
Run output will be captured here: C:/Users/USER/Desktop/Nanoprocessor-Design-Compettition-main/src/project_1/project_1.runs/synth_1/runme.log
launch_runs impl_1 -jobs 8
[Fri May  1 12:38:13 2026] Launched impl_1...
Run output will be captured here: C:/Users/USER/Desktop/Nanoprocessor-Design-Compettition-main/src/project_1/project_1.runs/impl_1/runme.log
reset_run synth_1
launch_runs synth_1 -jobs 8
[Fri May  1 12:44:22 2026] Launched synth_1...
Run output will be captured here: C:/Users/USER/Desktop/Nanoprocessor-Design-Compettition-main/src/project_1/project_1.runs/synth_1/runme.log
launch_runs impl_1 -jobs 8
[Fri May  1 12:44:52 2026] Launched impl_1...
Run output will be captured here: C:/Users/USER/Desktop/Nanoprocessor-Design-Compettition-main/src/project_1/project_1.runs/impl_1/runme.log
exit
INFO: [Common 17-206] Exiting Vivado at Fri May  1 12:50:16 2026...
