#-----------------------------------------------------------
# Vivado v2018.3 (64-bit)
# SW Build 2405991 on Thu Dec  6 23:38:27 MST 2018
# IP Build 2404404 on Fri Dec  7 01:43:56 MST 2018
# Start of session at: Sun May  3 11:02:10 2026
# Process ID: 1472
# Current directory: C:/Users/USER/Desktop/Nanoprocessor-Design-Compettition-main/src/project_1
# Command line: vivado.exe -gui_launcher_event rodinguilauncherevent23088 C:\Users\USER\Desktop\Nanoprocessor-Design-Compettition-main\src\project_1\project_1.xpr
# Log file: C:/Users/USER/Desktop/Nanoprocessor-Design-Compettition-main/src/project_1/vivado.log
# Journal file: C:/Users/USER/Desktop/Nanoprocessor-Design-Compettition-main/src/project_1\vivado.jou
#-----------------------------------------------------------
start_gui
open_project C:/Users/USER/Desktop/Nanoprocessor-Design-Compettition-main/src/project_1/project_1.xpr
Scanning sources...
Finished scanning sources
INFO: [IP_Flow 19-234] Refreshing IP repositories
INFO: [IP_Flow 19-1704] No user IP repositories specified
INFO: [IP_Flow 19-2313] Loaded Vivado IP repository 'C:/Xilinx/Vivado/2018.3/data/ip'.
open_project: Time (s): cpu = 00:00:18 ; elapsed = 00:00:08 . Memory (MB): peak = 840.473 ; gain = 169.461
update_compile_order -fileset sources_1
exit
INFO: [Common 17-206] Exiting Vivado at Sun May  3 11:13:10 2026...
