Copyright 1986-2018 Xilinx, Inc. All Rights Reserved.
--------------------------------------------------------------------------------------------------------------------------------------------------------------------------------------------------
| Tool Version : Vivado v.2018.3 (win64) Build 2405991 Thu Dec  6 23:38:27 MST 2018
| Date         : Fri May  1 13:32:35 2026
| Host         : DESKTOP-FT0TDHF running 64-bit major release  (build 9200)
| Command      : report_methodology -file Nano_Processor_7_seg_methodology_drc_routed.rpt -pb Nano_Processor_7_seg_methodology_drc_routed.pb -rpx Nano_Processor_7_seg_methodology_drc_routed.rpx
| Design       : Nano_Processor_7_seg
| Device       : xc7a35tcpg236-1
| Speed File   : -1
| Design State : Fully Routed
--------------------------------------------------------------------------------------------------------------------------------------------------------------------------------------------------

Report Methodology

Table of Contents
-----------------
1. REPORT SUMMARY
2. REPORT DETAILS

1. REPORT SUMMARY
-----------------
            Netlist: netlist
          Floorplan: design_1
      Design limits: <entire design considered>
             Max violations: <unlimited>
             Violations found: 16
+-----------+----------+-----------------------------+------------+
| Rule      | Severity | Description                 | Violations |
+-----------+----------+-----------------------------+------------+
| TIMING-17 | Warning  | Non-clocked sequential cell | 16         |
+-----------+----------+-----------------------------+------------+

2. REPORT DETAILS
-----------------
TIMING-17#1 Warning
Non-clocked sequential cell  
The clock pin NanoProcessor/Program_Counter_0/D_FF_0/Q_reg/C is not reached by a timing clock
Related violations: <none>

TIMING-17#2 Warning
Non-clocked sequential cell  
The clock pin NanoProcessor/Program_Counter_0/D_FF_1/Q_reg/C is not reached by a timing clock
Related violations: <none>

TIMING-17#3 Warning
Non-clocked sequential cell  
The clock pin NanoProcessor/Program_Counter_0/D_FF_2/Q_reg/C is not reached by a timing clock
Related violations: <none>

TIMING-17#4 Warning
Non-clocked sequential cell  
The clock pin NanoProcessor/Reg_Bank_0/Reg_4_1/Reg_0/Q_reg/C is not reached by a timing clock
Related violations: <none>

TIMING-17#5 Warning
Non-clocked sequential cell  
The clock pin NanoProcessor/Reg_Bank_0/Reg_4_1/Reg_1/Q_reg/C is not reached by a timing clock
Related violations: <none>

TIMING-17#6 Warning
Non-clocked sequential cell  
The clock pin NanoProcessor/Reg_Bank_0/Reg_4_1/Reg_2/Q_reg/C is not reached by a timing clock
Related violations: <none>

TIMING-17#7 Warning
Non-clocked sequential cell  
The clock pin NanoProcessor/Reg_Bank_0/Reg_4_1/Reg_3/Q_reg/C is not reached by a timing clock
Related violations: <none>

TIMING-17#8 Warning
Non-clocked sequential cell  
The clock pin NanoProcessor/Reg_Bank_0/Reg_4_2/Reg_0/Q_reg/C is not reached by a timing clock
Related violations: <none>

TIMING-17#9 Warning
Non-clocked sequential cell  
The clock pin NanoProcessor/Reg_Bank_0/Reg_4_2/Reg_1/Q_reg/C is not reached by a timing clock
Related violations: <none>

TIMING-17#10 Warning
Non-clocked sequential cell  
The clock pin NanoProcessor/Reg_Bank_0/Reg_4_2/Reg_2/Q_reg/C is not reached by a timing clock
Related violations: <none>

TIMING-17#11 Warning
Non-clocked sequential cell  
The clock pin NanoProcessor/Reg_Bank_0/Reg_4_2/Reg_3/Q_reg/C is not reached by a timing clock
Related violations: <none>

TIMING-17#12 Warning
Non-clocked sequential cell  
The clock pin NanoProcessor/Reg_Bank_0/Reg_4_7/Reg_0/Q_reg/C is not reached by a timing clock
Related violations: <none>

TIMING-17#13 Warning
Non-clocked sequential cell  
The clock pin NanoProcessor/Reg_Bank_0/Reg_4_7/Reg_1/Q_reg/C is not reached by a timing clock
Related violations: <none>

TIMING-17#14 Warning
Non-clocked sequential cell  
The clock pin NanoProcessor/Reg_Bank_0/Reg_4_7/Reg_2/Q_reg/C is not reached by a timing clock
Related violations: <none>

TIMING-17#15 Warning
Non-clocked sequential cell  
The clock pin NanoProcessor/Reg_Bank_0/Reg_4_7/Reg_3/Q_reg/C is not reached by a timing clock
Related violations: <none>

TIMING-17#16 Warning
Non-clocked sequential cell  
The clock pin NanoProcessor/Reg_Bank_0/Reg_4_7/Reg_3/Q_reg_lopt_replica/C is not reached by a timing clock
Related violations: <none>


