Copyright 1986-2018 Xilinx, Inc. All Rights Reserved.
-------------------------------------------------------------------------------------------------
| Tool Version : Vivado v.2018.3 (win64) Build 2405991 Thu Dec  6 23:38:27 MST 2018
| Date         : Fri May  1 13:31:49 2026
| Host         : DESKTOP-FT0TDHF running 64-bit major release  (build 9200)
| Command      : report_control_sets -verbose -file Nano_Processor_7_seg_control_sets_placed.rpt
| Design       : Nano_Processor_7_seg
| Device       : xc7a35t
-------------------------------------------------------------------------------------------------

Control Set Information

Table of Contents
-----------------
1. Summary
2. Histogram
3. Flip-Flop Distribution
4. Detailed Control Set Information

1. Summary
----------

+----------------------------------------------------------+-------+
|                          Status                          | Count |
+----------------------------------------------------------+-------+
| Number of unique control sets                            |     6 |
| Unused register locations in slices containing registers |    22 |
+----------------------------------------------------------+-------+


2. Histogram
------------

+--------+--------------+
| Fanout | Control Sets |
+--------+--------------+
|      3 |            2 |
|      4 |            2 |
|      5 |            1 |
|    16+ |            1 |
+--------+--------------+


3. Flip-Flop Distribution
-------------------------

+--------------+-----------------------+------------------------+-----------------+--------------+
| Clock Enable | Synchronous Set/Reset | Asynchronous Set/Reset | Total Registers | Total Slices |
+--------------+-----------------------+------------------------+-----------------+--------------+
| No           | No                    | No                     |               6 |            3 |
| No           | No                    | Yes                    |               0 |            0 |
| No           | Yes                   | No                     |              31 |            8 |
| Yes          | No                    | No                     |               0 |            0 |
| Yes          | No                    | Yes                    |               0 |            0 |
| Yes          | Yes                   | No                     |              13 |            5 |
+--------------+-----------------------+------------------------+-----------------+--------------+


4. Detailed Control Set Information
-----------------------------------

+-------------------------------------------+--------------------------------------------+----------------------------------------------+------------------+----------------+
|                Clock Signal               |                Enable Signal               |               Set/Reset Signal               | Slice Load Count | Bel Load Count |
+-------------------------------------------+--------------------------------------------+----------------------------------------------+------------------+----------------+
|  NanoProcessor/slow_clock_0/Clk_out_reg_0 |                                            |                                              |                1 |              3 |
|  Clk_IBUF_BUFG                            |                                            |                                              |                2 |              3 |
|  NanoProcessor/slow_clock_0/Clk_out_reg_0 | NanoProcessor/Program_Counter_0/D_FF_1/EN2 | Reset_IBUF                                   |                2 |              4 |
|  NanoProcessor/slow_clock_0/Clk_out_reg_0 | NanoProcessor/Program_Counter_0/D_FF_2/EN1 | Reset_IBUF                                   |                1 |              4 |
|  NanoProcessor/slow_clock_0/Clk_out_reg_0 | NanoProcessor/Program_Counter_0/D_FF_1/EN7 | Reset_IBUF                                   |                2 |              5 |
|  Clk_IBUF_BUFG                            |                                            | NanoProcessor/slow_clock_0/count[31]_i_1_n_0 |                8 |             31 |
+-------------------------------------------+--------------------------------------------+----------------------------------------------+------------------+----------------+


