
*** Running vivado
    with args -log Tri_State_Buffer.vdi -applog -m64 -product Vivado -messageDb vivado.pb -mode batch -source Tri_State_Buffer.tcl -notrace



****** Vivado v2025.2 (64-bit)
  **** SW Build 6299465 on Fri Nov 14 19:35:11 GMT 2025
  **** IP Build 6300035 on Fri Nov 14 10:48:45 MST 2025
  **** SharedData Build 6298862 on Thu Nov 13 04:50:51 MST 2025
  **** Start of session at: Fri May  1 22:09:53 2026
    ** Copyright 1986-2022 Xilinx, Inc. All Rights Reserved.
    ** Copyright 2022-2025 Advanced Micro Devices, Inc. All Rights Reserved.

source Tri_State_Buffer.tcl -notrace
create_project: Time (s): cpu = 00:00:08 ; elapsed = 00:00:06 . Memory (MB): peak = 529.859 ; gain = 223.012
Command: link_design -top Tri_State_Buffer -part xc7a35tcpg236-1
Design is defaulting to srcset: sources_1
Design is defaulting to constrset: constrs_1
<<<<<<< Updated upstream
=======
INFO: [Netlist 29-17] Analyzing 13 Unisim elements for replacement
INFO: [Netlist 29-28] Unisim Transformation completed in 0 CPU seconds
INFO: [Project 1-479] Netlist was created with Vivado 2018.3
>>>>>>> Stashed changes
INFO: [Device 21-403] Loading part xc7a35tcpg236-1
Netlist sorting complete. Time (s): cpu = 00:00:00 ; elapsed = 00:00:00 . Memory (MB): peak = 727.730 ; gain = 0.000
INFO: [Project 1-479] Netlist was created with Vivado 2025.2
INFO: [Project 1-570] Preparing netlist for logic optimization
Parsing XDC File [C:/Users/VICTUS/OneDrive/Desktop/COADD/Nanoprocessor-Design/Nanoprocessor-Design-Compettition-main/src/project_1/project_1.srcs/constrs_1/imports/Downloads/Basys3Labs.xdc]
WARNING: [Vivado 12-584] No ports matched 'Clk'. [C:/Users/VICTUS/OneDrive/Desktop/COADD/Nanoprocessor-Design/Nanoprocessor-Design-Compettition-main/src/project_1/project_1.srcs/constrs_1/imports/Downloads/Basys3Labs.xdc:7]
CRITICAL WARNING: [Common 17-55] 'set_property' expects at least one object. [C:/Users/VICTUS/OneDrive/Desktop/COADD/Nanoprocessor-Design/Nanoprocessor-Design-Compettition-main/src/project_1/project_1.srcs/constrs_1/imports/Downloads/Basys3Labs.xdc:7]
Resolution: If [get_<value>] was used to populate the object, check to make sure this command returns at least one valid object.
WARNING: [Vivado 12-584] No ports matched 'Clk'. [C:/Users/VICTUS/OneDrive/Desktop/COADD/Nanoprocessor-Design/Nanoprocessor-Design-Compettition-main/src/project_1/project_1.srcs/constrs_1/imports/Downloads/Basys3Labs.xdc:8]
CRITICAL WARNING: [Common 17-55] 'set_property' expects at least one object. [C:/Users/VICTUS/OneDrive/Desktop/COADD/Nanoprocessor-Design/Nanoprocessor-Design-Compettition-main/src/project_1/project_1.srcs/constrs_1/imports/Downloads/Basys3Labs.xdc:8]
Resolution: If [get_<value>] was used to populate the object, check to make sure this command returns at least one valid object.
WARNING: [Vivado 12-584] No ports matched 'Clk'. [C:/Users/VICTUS/OneDrive/Desktop/COADD/Nanoprocessor-Design/Nanoprocessor-Design-Compettition-main/src/project_1/project_1.srcs/constrs_1/imports/Downloads/Basys3Labs.xdc:9]
CRITICAL WARNING: [Vivado 12-4739] create_clock:No valid object(s) found for '-objects [get_ports Clk]'. [C:/Users/VICTUS/OneDrive/Desktop/COADD/Nanoprocessor-Design/Nanoprocessor-Design-Compettition-main/src/project_1/project_1.srcs/constrs_1/imports/Downloads/Basys3Labs.xdc:9]
Resolution: Check if the specified object(s) exists in the current design. If it does, ensure that the correct design hierarchy was specified for the object. If you are working with clocks, make sure create_clock was used to create the clock object before it is referenced.
WARNING: [Vivado 12-584] No ports matched 'Answer_LED[0]'. [C:/Users/VICTUS/OneDrive/Desktop/COADD/Nanoprocessor-Design/Nanoprocessor-Design-Compettition-main/src/project_1/project_1.srcs/constrs_1/imports/Downloads/Basys3Labs.xdc:47]
CRITICAL WARNING: [Common 17-55] 'set_property' expects at least one object. [C:/Users/VICTUS/OneDrive/Desktop/COADD/Nanoprocessor-Design/Nanoprocessor-Design-Compettition-main/src/project_1/project_1.srcs/constrs_1/imports/Downloads/Basys3Labs.xdc:47]
Resolution: If [get_<value>] was used to populate the object, check to make sure this command returns at least one valid object.
WARNING: [Vivado 12-584] No ports matched 'Answer_LED[0]'. [C:/Users/VICTUS/OneDrive/Desktop/COADD/Nanoprocessor-Design/Nanoprocessor-Design-Compettition-main/src/project_1/project_1.srcs/constrs_1/imports/Downloads/Basys3Labs.xdc:48]
CRITICAL WARNING: [Common 17-55] 'set_property' expects at least one object. [C:/Users/VICTUS/OneDrive/Desktop/COADD/Nanoprocessor-Design/Nanoprocessor-Design-Compettition-main/src/project_1/project_1.srcs/constrs_1/imports/Downloads/Basys3Labs.xdc:48]
Resolution: If [get_<value>] was used to populate the object, check to make sure this command returns at least one valid object.
WARNING: [Vivado 12-584] No ports matched 'Answer_LED[1]'. [C:/Users/VICTUS/OneDrive/Desktop/COADD/Nanoprocessor-Design/Nanoprocessor-Design-Compettition-main/src/project_1/project_1.srcs/constrs_1/imports/Downloads/Basys3Labs.xdc:49]
CRITICAL WARNING: [Common 17-55] 'set_property' expects at least one object. [C:/Users/VICTUS/OneDrive/Desktop/COADD/Nanoprocessor-Design/Nanoprocessor-Design-Compettition-main/src/project_1/project_1.srcs/constrs_1/imports/Downloads/Basys3Labs.xdc:49]
Resolution: If [get_<value>] was used to populate the object, check to make sure this command returns at least one valid object.
WARNING: [Vivado 12-584] No ports matched 'Answer_LED[1]'. [C:/Users/VICTUS/OneDrive/Desktop/COADD/Nanoprocessor-Design/Nanoprocessor-Design-Compettition-main/src/project_1/project_1.srcs/constrs_1/imports/Downloads/Basys3Labs.xdc:50]
CRITICAL WARNING: [Common 17-55] 'set_property' expects at least one object. [C:/Users/VICTUS/OneDrive/Desktop/COADD/Nanoprocessor-Design/Nanoprocessor-Design-Compettition-main/src/project_1/project_1.srcs/constrs_1/imports/Downloads/Basys3Labs.xdc:50]
Resolution: If [get_<value>] was used to populate the object, check to make sure this command returns at least one valid object.
WARNING: [Vivado 12-584] No ports matched 'Answer_LED[2]'. [C:/Users/VICTUS/OneDrive/Desktop/COADD/Nanoprocessor-Design/Nanoprocessor-Design-Compettition-main/src/project_1/project_1.srcs/constrs_1/imports/Downloads/Basys3Labs.xdc:51]
CRITICAL WARNING: [Common 17-55] 'set_property' expects at least one object. [C:/Users/VICTUS/OneDrive/Desktop/COADD/Nanoprocessor-Design/Nanoprocessor-Design-Compettition-main/src/project_1/project_1.srcs/constrs_1/imports/Downloads/Basys3Labs.xdc:51]
Resolution: If [get_<value>] was used to populate the object, check to make sure this command returns at least one valid object.
WARNING: [Vivado 12-584] No ports matched 'Answer_LED[2]'. [C:/Users/VICTUS/OneDrive/Desktop/COADD/Nanoprocessor-Design/Nanoprocessor-Design-Compettition-main/src/project_1/project_1.srcs/constrs_1/imports/Downloads/Basys3Labs.xdc:52]
CRITICAL WARNING: [Common 17-55] 'set_property' expects at least one object. [C:/Users/VICTUS/OneDrive/Desktop/COADD/Nanoprocessor-Design/Nanoprocessor-Design-Compettition-main/src/project_1/project_1.srcs/constrs_1/imports/Downloads/Basys3Labs.xdc:52]
Resolution: If [get_<value>] was used to populate the object, check to make sure this command returns at least one valid object.
WARNING: [Vivado 12-584] No ports matched 'Answer_LED[3]'. [C:/Users/VICTUS/OneDrive/Desktop/COADD/Nanoprocessor-Design/Nanoprocessor-Design-Compettition-main/src/project_1/project_1.srcs/constrs_1/imports/Downloads/Basys3Labs.xdc:53]
CRITICAL WARNING: [Common 17-55] 'set_property' expects at least one object. [C:/Users/VICTUS/OneDrive/Desktop/COADD/Nanoprocessor-Design/Nanoprocessor-Design-Compettition-main/src/project_1/project_1.srcs/constrs_1/imports/Downloads/Basys3Labs.xdc:53]
Resolution: If [get_<value>] was used to populate the object, check to make sure this command returns at least one valid object.
WARNING: [Vivado 12-584] No ports matched 'Answer_LED[3]'. [C:/Users/VICTUS/OneDrive/Desktop/COADD/Nanoprocessor-Design/Nanoprocessor-Design-Compettition-main/src/project_1/project_1.srcs/constrs_1/imports/Downloads/Basys3Labs.xdc:54]
CRITICAL WARNING: [Common 17-55] 'set_property' expects at least one object. [C:/Users/VICTUS/OneDrive/Desktop/COADD/Nanoprocessor-Design/Nanoprocessor-Design-Compettition-main/src/project_1/project_1.srcs/constrs_1/imports/Downloads/Basys3Labs.xdc:54]
Resolution: If [get_<value>] was used to populate the object, check to make sure this command returns at least one valid object.
WARNING: [Vivado 12-584] No ports matched 'Overflow'. [C:/Users/VICTUS/OneDrive/Desktop/COADD/Nanoprocessor-Design/Nanoprocessor-Design-Compettition-main/src/project_1/project_1.srcs/constrs_1/imports/Downloads/Basys3Labs.xdc:75]
CRITICAL WARNING: [Common 17-55] 'set_property' expects at least one object. [C:/Users/VICTUS/OneDrive/Desktop/COADD/Nanoprocessor-Design/Nanoprocessor-Design-Compettition-main/src/project_1/project_1.srcs/constrs_1/imports/Downloads/Basys3Labs.xdc:75]
Resolution: If [get_<value>] was used to populate the object, check to make sure this command returns at least one valid object.
WARNING: [Vivado 12-584] No ports matched 'Overflow'. [C:/Users/VICTUS/OneDrive/Desktop/COADD/Nanoprocessor-Design/Nanoprocessor-Design-Compettition-main/src/project_1/project_1.srcs/constrs_1/imports/Downloads/Basys3Labs.xdc:76]
CRITICAL WARNING: [Common 17-55] 'set_property' expects at least one object. [C:/Users/VICTUS/OneDrive/Desktop/COADD/Nanoprocessor-Design/Nanoprocessor-Design-Compettition-main/src/project_1/project_1.srcs/constrs_1/imports/Downloads/Basys3Labs.xdc:76]
Resolution: If [get_<value>] was used to populate the object, check to make sure this command returns at least one valid object.
WARNING: [Vivado 12-584] No ports matched 'Zero'. [C:/Users/VICTUS/OneDrive/Desktop/COADD/Nanoprocessor-Design/Nanoprocessor-Design-Compettition-main/src/project_1/project_1.srcs/constrs_1/imports/Downloads/Basys3Labs.xdc:77]
CRITICAL WARNING: [Common 17-55] 'set_property' expects at least one object. [C:/Users/VICTUS/OneDrive/Desktop/COADD/Nanoprocessor-Design/Nanoprocessor-Design-Compettition-main/src/project_1/project_1.srcs/constrs_1/imports/Downloads/Basys3Labs.xdc:77]
Resolution: If [get_<value>] was used to populate the object, check to make sure this command returns at least one valid object.
WARNING: [Vivado 12-584] No ports matched 'Zero'. [C:/Users/VICTUS/OneDrive/Desktop/COADD/Nanoprocessor-Design/Nanoprocessor-Design-Compettition-main/src/project_1/project_1.srcs/constrs_1/imports/Downloads/Basys3Labs.xdc:78]
CRITICAL WARNING: [Common 17-55] 'set_property' expects at least one object. [C:/Users/VICTUS/OneDrive/Desktop/COADD/Nanoprocessor-Design/Nanoprocessor-Design-Compettition-main/src/project_1/project_1.srcs/constrs_1/imports/Downloads/Basys3Labs.xdc:78]
Resolution: If [get_<value>] was used to populate the object, check to make sure this command returns at least one valid object.
WARNING: [Vivado 12-584] No ports matched 'Answer_7Seg[0]'. [C:/Users/VICTUS/OneDrive/Desktop/COADD/Nanoprocessor-Design/Nanoprocessor-Design-Compettition-main/src/project_1/project_1.srcs/constrs_1/imports/Downloads/Basys3Labs.xdc:82]
CRITICAL WARNING: [Common 17-55] 'set_property' expects at least one object. [C:/Users/VICTUS/OneDrive/Desktop/COADD/Nanoprocessor-Design/Nanoprocessor-Design-Compettition-main/src/project_1/project_1.srcs/constrs_1/imports/Downloads/Basys3Labs.xdc:82]
Resolution: If [get_<value>] was used to populate the object, check to make sure this command returns at least one valid object.
WARNING: [Vivado 12-584] No ports matched 'Answer_7Seg[0]'. [C:/Users/VICTUS/OneDrive/Desktop/COADD/Nanoprocessor-Design/Nanoprocessor-Design-Compettition-main/src/project_1/project_1.srcs/constrs_1/imports/Downloads/Basys3Labs.xdc:83]
CRITICAL WARNING: [Common 17-55] 'set_property' expects at least one object. [C:/Users/VICTUS/OneDrive/Desktop/COADD/Nanoprocessor-Design/Nanoprocessor-Design-Compettition-main/src/project_1/project_1.srcs/constrs_1/imports/Downloads/Basys3Labs.xdc:83]
Resolution: If [get_<value>] was used to populate the object, check to make sure this command returns at least one valid object.
WARNING: [Vivado 12-584] No ports matched 'Answer_7Seg[1]'. [C:/Users/VICTUS/OneDrive/Desktop/COADD/Nanoprocessor-Design/Nanoprocessor-Design-Compettition-main/src/project_1/project_1.srcs/constrs_1/imports/Downloads/Basys3Labs.xdc:84]
CRITICAL WARNING: [Common 17-55] 'set_property' expects at least one object. [C:/Users/VICTUS/OneDrive/Desktop/COADD/Nanoprocessor-Design/Nanoprocessor-Design-Compettition-main/src/project_1/project_1.srcs/constrs_1/imports/Downloads/Basys3Labs.xdc:84]
Resolution: If [get_<value>] was used to populate the object, check to make sure this command returns at least one valid object.
WARNING: [Vivado 12-584] No ports matched 'Answer_7Seg[1]'. [C:/Users/VICTUS/OneDrive/Desktop/COADD/Nanoprocessor-Design/Nanoprocessor-Design-Compettition-main/src/project_1/project_1.srcs/constrs_1/imports/Downloads/Basys3Labs.xdc:85]
CRITICAL WARNING: [Common 17-55] 'set_property' expects at least one object. [C:/Users/VICTUS/OneDrive/Desktop/COADD/Nanoprocessor-Design/Nanoprocessor-Design-Compettition-main/src/project_1/project_1.srcs/constrs_1/imports/Downloads/Basys3Labs.xdc:85]
Resolution: If [get_<value>] was used to populate the object, check to make sure this command returns at least one valid object.
WARNING: [Vivado 12-584] No ports matched 'Answer_7Seg[2]'. [C:/Users/VICTUS/OneDrive/Desktop/COADD/Nanoprocessor-Design/Nanoprocessor-Design-Compettition-main/src/project_1/project_1.srcs/constrs_1/imports/Downloads/Basys3Labs.xdc:86]
CRITICAL WARNING: [Common 17-55] 'set_property' expects at least one object. [C:/Users/VICTUS/OneDrive/Desktop/COADD/Nanoprocessor-Design/Nanoprocessor-Design-Compettition-main/src/project_1/project_1.srcs/constrs_1/imports/Downloads/Basys3Labs.xdc:86]
Resolution: If [get_<value>] was used to populate the object, check to make sure this command returns at least one valid object.
WARNING: [Vivado 12-584] No ports matched 'Answer_7Seg[2]'. [C:/Users/VICTUS/OneDrive/Desktop/COADD/Nanoprocessor-Design/Nanoprocessor-Design-Compettition-main/src/project_1/project_1.srcs/constrs_1/imports/Downloads/Basys3Labs.xdc:87]
CRITICAL WARNING: [Common 17-55] 'set_property' expects at least one object. [C:/Users/VICTUS/OneDrive/Desktop/COADD/Nanoprocessor-Design/Nanoprocessor-Design-Compettition-main/src/project_1/project_1.srcs/constrs_1/imports/Downloads/Basys3Labs.xdc:87]
Resolution: If [get_<value>] was used to populate the object, check to make sure this command returns at least one valid object.
WARNING: [Vivado 12-584] No ports matched 'Answer_7Seg[3]'. [C:/Users/VICTUS/OneDrive/Desktop/COADD/Nanoprocessor-Design/Nanoprocessor-Design-Compettition-main/src/project_1/project_1.srcs/constrs_1/imports/Downloads/Basys3Labs.xdc:88]
CRITICAL WARNING: [Common 17-55] 'set_property' expects at least one object. [C:/Users/VICTUS/OneDrive/Desktop/COADD/Nanoprocessor-Design/Nanoprocessor-Design-Compettition-main/src/project_1/project_1.srcs/constrs_1/imports/Downloads/Basys3Labs.xdc:88]
Resolution: If [get_<value>] was used to populate the object, check to make sure this command returns at least one valid object.
WARNING: [Vivado 12-584] No ports matched 'Answer_7Seg[3]'. [C:/Users/VICTUS/OneDrive/Desktop/COADD/Nanoprocessor-Design/Nanoprocessor-Design-Compettition-main/src/project_1/project_1.srcs/constrs_1/imports/Downloads/Basys3Labs.xdc:89]
CRITICAL WARNING: [Common 17-55] 'set_property' expects at least one object. [C:/Users/VICTUS/OneDrive/Desktop/COADD/Nanoprocessor-Design/Nanoprocessor-Design-Compettition-main/src/project_1/project_1.srcs/constrs_1/imports/Downloads/Basys3Labs.xdc:89]
Resolution: If [get_<value>] was used to populate the object, check to make sure this command returns at least one valid object.
WARNING: [Vivado 12-584] No ports matched 'Answer_7Seg[4]'. [C:/Users/VICTUS/OneDrive/Desktop/COADD/Nanoprocessor-Design/Nanoprocessor-Design-Compettition-main/src/project_1/project_1.srcs/constrs_1/imports/Downloads/Basys3Labs.xdc:90]
CRITICAL WARNING: [Common 17-55] 'set_property' expects at least one object. [C:/Users/VICTUS/OneDrive/Desktop/COADD/Nanoprocessor-Design/Nanoprocessor-Design-Compettition-main/src/project_1/project_1.srcs/constrs_1/imports/Downloads/Basys3Labs.xdc:90]
Resolution: If [get_<value>] was used to populate the object, check to make sure this command returns at least one valid object.
WARNING: [Vivado 12-584] No ports matched 'Answer_7Seg[4]'. [C:/Users/VICTUS/OneDrive/Desktop/COADD/Nanoprocessor-Design/Nanoprocessor-Design-Compettition-main/src/project_1/project_1.srcs/constrs_1/imports/Downloads/Basys3Labs.xdc:91]
CRITICAL WARNING: [Common 17-55] 'set_property' expects at least one object. [C:/Users/VICTUS/OneDrive/Desktop/COADD/Nanoprocessor-Design/Nanoprocessor-Design-Compettition-main/src/project_1/project_1.srcs/constrs_1/imports/Downloads/Basys3Labs.xdc:91]
Resolution: If [get_<value>] was used to populate the object, check to make sure this command returns at least one valid object.
WARNING: [Vivado 12-584] No ports matched 'Answer_7Seg[5]'. [C:/Users/VICTUS/OneDrive/Desktop/COADD/Nanoprocessor-Design/Nanoprocessor-Design-Compettition-main/src/project_1/project_1.srcs/constrs_1/imports/Downloads/Basys3Labs.xdc:92]
CRITICAL WARNING: [Common 17-55] 'set_property' expects at least one object. [C:/Users/VICTUS/OneDrive/Desktop/COADD/Nanoprocessor-Design/Nanoprocessor-Design-Compettition-main/src/project_1/project_1.srcs/constrs_1/imports/Downloads/Basys3Labs.xdc:92]
Resolution: If [get_<value>] was used to populate the object, check to make sure this command returns at least one valid object.
WARNING: [Vivado 12-584] No ports matched 'Answer_7Seg[5]'. [C:/Users/VICTUS/OneDrive/Desktop/COADD/Nanoprocessor-Design/Nanoprocessor-Design-Compettition-main/src/project_1/project_1.srcs/constrs_1/imports/Downloads/Basys3Labs.xdc:93]
CRITICAL WARNING: [Common 17-55] 'set_property' expects at least one object. [C:/Users/VICTUS/OneDrive/Desktop/COADD/Nanoprocessor-Design/Nanoprocessor-Design-Compettition-main/src/project_1/project_1.srcs/constrs_1/imports/Downloads/Basys3Labs.xdc:93]
Resolution: If [get_<value>] was used to populate the object, check to make sure this command returns at least one valid object.
WARNING: [Vivado 12-584] No ports matched 'Answer_7Seg[6]'. [C:/Users/VICTUS/OneDrive/Desktop/COADD/Nanoprocessor-Design/Nanoprocessor-Design-Compettition-main/src/project_1/project_1.srcs/constrs_1/imports/Downloads/Basys3Labs.xdc:94]
CRITICAL WARNING: [Common 17-55] 'set_property' expects at least one object. [C:/Users/VICTUS/OneDrive/Desktop/COADD/Nanoprocessor-Design/Nanoprocessor-Design-Compettition-main/src/project_1/project_1.srcs/constrs_1/imports/Downloads/Basys3Labs.xdc:94]
Resolution: If [get_<value>] was used to populate the object, check to make sure this command returns at least one valid object.
WARNING: [Vivado 12-584] No ports matched 'Answer_7Seg[6]'. [C:/Users/VICTUS/OneDrive/Desktop/COADD/Nanoprocessor-Design/Nanoprocessor-Design-Compettition-main/src/project_1/project_1.srcs/constrs_1/imports/Downloads/Basys3Labs.xdc:95]
CRITICAL WARNING: [Common 17-55] 'set_property' expects at least one object. [C:/Users/VICTUS/OneDrive/Desktop/COADD/Nanoprocessor-Design/Nanoprocessor-Design-Compettition-main/src/project_1/project_1.srcs/constrs_1/imports/Downloads/Basys3Labs.xdc:95]
Resolution: If [get_<value>] was used to populate the object, check to make sure this command returns at least one valid object.
WARNING: [Vivado 12-584] No ports matched 'Anode[0]'. [C:/Users/VICTUS/OneDrive/Desktop/COADD/Nanoprocessor-Design/Nanoprocessor-Design-Compettition-main/src/project_1/project_1.srcs/constrs_1/imports/Downloads/Basys3Labs.xdc:100]
CRITICAL WARNING: [Common 17-55] 'set_property' expects at least one object. [C:/Users/VICTUS/OneDrive/Desktop/COADD/Nanoprocessor-Design/Nanoprocessor-Design-Compettition-main/src/project_1/project_1.srcs/constrs_1/imports/Downloads/Basys3Labs.xdc:100]
Resolution: If [get_<value>] was used to populate the object, check to make sure this command returns at least one valid object.
WARNING: [Vivado 12-584] No ports matched 'Anode[0]'. [C:/Users/VICTUS/OneDrive/Desktop/COADD/Nanoprocessor-Design/Nanoprocessor-Design-Compettition-main/src/project_1/project_1.srcs/constrs_1/imports/Downloads/Basys3Labs.xdc:101]
CRITICAL WARNING: [Common 17-55] 'set_property' expects at least one object. [C:/Users/VICTUS/OneDrive/Desktop/COADD/Nanoprocessor-Design/Nanoprocessor-Design-Compettition-main/src/project_1/project_1.srcs/constrs_1/imports/Downloads/Basys3Labs.xdc:101]
Resolution: If [get_<value>] was used to populate the object, check to make sure this command returns at least one valid object.
WARNING: [Vivado 12-584] No ports matched 'Anode[1]'. [C:/Users/VICTUS/OneDrive/Desktop/COADD/Nanoprocessor-Design/Nanoprocessor-Design-Compettition-main/src/project_1/project_1.srcs/constrs_1/imports/Downloads/Basys3Labs.xdc:102]
CRITICAL WARNING: [Common 17-55] 'set_property' expects at least one object. [C:/Users/VICTUS/OneDrive/Desktop/COADD/Nanoprocessor-Design/Nanoprocessor-Design-Compettition-main/src/project_1/project_1.srcs/constrs_1/imports/Downloads/Basys3Labs.xdc:102]
Resolution: If [get_<value>] was used to populate the object, check to make sure this command returns at least one valid object.
WARNING: [Vivado 12-584] No ports matched 'Anode[1]'. [C:/Users/VICTUS/OneDrive/Desktop/COADD/Nanoprocessor-Design/Nanoprocessor-Design-Compettition-main/src/project_1/project_1.srcs/constrs_1/imports/Downloads/Basys3Labs.xdc:103]
CRITICAL WARNING: [Common 17-55] 'set_property' expects at least one object. [C:/Users/VICTUS/OneDrive/Desktop/COADD/Nanoprocessor-Design/Nanoprocessor-Design-Compettition-main/src/project_1/project_1.srcs/constrs_1/imports/Downloads/Basys3Labs.xdc:103]
Resolution: If [get_<value>] was used to populate the object, check to make sure this command returns at least one valid object.
WARNING: [Vivado 12-584] No ports matched 'Anode[2]'. [C:/Users/VICTUS/OneDrive/Desktop/COADD/Nanoprocessor-Design/Nanoprocessor-Design-Compettition-main/src/project_1/project_1.srcs/constrs_1/imports/Downloads/Basys3Labs.xdc:104]
CRITICAL WARNING: [Common 17-55] 'set_property' expects at least one object. [C:/Users/VICTUS/OneDrive/Desktop/COADD/Nanoprocessor-Design/Nanoprocessor-Design-Compettition-main/src/project_1/project_1.srcs/constrs_1/imports/Downloads/Basys3Labs.xdc:104]
Resolution: If [get_<value>] was used to populate the object, check to make sure this command returns at least one valid object.
WARNING: [Vivado 12-584] No ports matched 'Anode[2]'. [C:/Users/VICTUS/OneDrive/Desktop/COADD/Nanoprocessor-Design/Nanoprocessor-Design-Compettition-main/src/project_1/project_1.srcs/constrs_1/imports/Downloads/Basys3Labs.xdc:105]
CRITICAL WARNING: [Common 17-55] 'set_property' expects at least one object. [C:/Users/VICTUS/OneDrive/Desktop/COADD/Nanoprocessor-Design/Nanoprocessor-Design-Compettition-main/src/project_1/project_1.srcs/constrs_1/imports/Downloads/Basys3Labs.xdc:105]
Resolution: If [get_<value>] was used to populate the object, check to make sure this command returns at least one valid object.
WARNING: [Vivado 12-584] No ports matched 'Anode[3]'. [C:/Users/VICTUS/OneDrive/Desktop/COADD/Nanoprocessor-Design/Nanoprocessor-Design-Compettition-main/src/project_1/project_1.srcs/constrs_1/imports/Downloads/Basys3Labs.xdc:106]
CRITICAL WARNING: [Common 17-55] 'set_property' expects at least one object. [C:/Users/VICTUS/OneDrive/Desktop/COADD/Nanoprocessor-Design/Nanoprocessor-Design-Compettition-main/src/project_1/project_1.srcs/constrs_1/imports/Downloads/Basys3Labs.xdc:106]
Resolution: If [get_<value>] was used to populate the object, check to make sure this command returns at least one valid object.
WARNING: [Vivado 12-584] No ports matched 'Anode[3]'. [C:/Users/VICTUS/OneDrive/Desktop/COADD/Nanoprocessor-Design/Nanoprocessor-Design-Compettition-main/src/project_1/project_1.srcs/constrs_1/imports/Downloads/Basys3Labs.xdc:107]
CRITICAL WARNING: [Common 17-55] 'set_property' expects at least one object. [C:/Users/VICTUS/OneDrive/Desktop/COADD/Nanoprocessor-Design/Nanoprocessor-Design-Compettition-main/src/project_1/project_1.srcs/constrs_1/imports/Downloads/Basys3Labs.xdc:107]
Resolution: If [get_<value>] was used to populate the object, check to make sure this command returns at least one valid object.
WARNING: [Vivado 12-584] No ports matched 'Reset'. [C:/Users/VICTUS/OneDrive/Desktop/COADD/Nanoprocessor-Design/Nanoprocessor-Design-Compettition-main/src/project_1/project_1.srcs/constrs_1/imports/Downloads/Basys3Labs.xdc:111]
CRITICAL WARNING: [Common 17-55] 'set_property' expects at least one object. [C:/Users/VICTUS/OneDrive/Desktop/COADD/Nanoprocessor-Design/Nanoprocessor-Design-Compettition-main/src/project_1/project_1.srcs/constrs_1/imports/Downloads/Basys3Labs.xdc:111]
Resolution: If [get_<value>] was used to populate the object, check to make sure this command returns at least one valid object.
WARNING: [Vivado 12-584] No ports matched 'Reset'. [C:/Users/VICTUS/OneDrive/Desktop/COADD/Nanoprocessor-Design/Nanoprocessor-Design-Compettition-main/src/project_1/project_1.srcs/constrs_1/imports/Downloads/Basys3Labs.xdc:112]
CRITICAL WARNING: [Common 17-55] 'set_property' expects at least one object. [C:/Users/VICTUS/OneDrive/Desktop/COADD/Nanoprocessor-Design/Nanoprocessor-Design-Compettition-main/src/project_1/project_1.srcs/constrs_1/imports/Downloads/Basys3Labs.xdc:112]
Resolution: If [get_<value>] was used to populate the object, check to make sure this command returns at least one valid object.
Finished Parsing XDC File [C:/Users/VICTUS/OneDrive/Desktop/COADD/Nanoprocessor-Design/Nanoprocessor-Design-Compettition-main/src/project_1/project_1.srcs/constrs_1/imports/Downloads/Basys3Labs.xdc]
INFO: [Opt 31-138] Pushed 0 inverter(s) to 0 load pin(s).
<<<<<<< Updated upstream
Netlist sorting complete. Time (s): cpu = 00:00:00 ; elapsed = 00:00:00 . Memory (MB): peak = 865.938 ; gain = 0.000
=======
Netlist sorting complete. Time (s): cpu = 00:00:00 ; elapsed = 00:00:00 . Memory (MB): peak = 648.473 ; gain = 0.000
>>>>>>> Stashed changes
INFO: [Project 1-111] Unisim Transformation Summary:
No Unisim elements were transformed.

5 Infos, 39 Warnings, 39 Critical Warnings and 0 Errors encountered.
link_design completed successfully
<<<<<<< Updated upstream
=======
link_design: Time (s): cpu = 00:00:05 ; elapsed = 00:00:07 . Memory (MB): peak = 652.465 ; gain = 318.926
>>>>>>> Stashed changes
Command: opt_design
Attempting to get a license for feature 'Implementation' and/or device 'xc7a35t'
INFO: [Common 17-349] Got license for feature 'Implementation' and/or device 'xc7a35t'
Running DRC as a precondition to command opt_design

Starting DRC Task
INFO: [DRC 23-27] Running DRC with 2 threads
INFO: [Project 1-461] DRC finished with 0 Errors
INFO: [Project 1-462] Please refer to the DRC report (report_drc) for more information.

<<<<<<< Updated upstream
Time (s): cpu = 00:00:00 ; elapsed = 00:00:00.608 . Memory (MB): peak = 887.098 ; gain = 17.156

Starting Cache Timing Information Task
INFO: [Timing 38-35] Done setting XDC timing constraints.
Ending Cache Timing Information Task | Checksum: 1bbd77412

Time (s): cpu = 00:00:05 ; elapsed = 00:00:05 . Memory (MB): peak = 1377.129 ; gain = 490.031
=======
Time (s): cpu = 00:00:01 ; elapsed = 00:00:00.640 . Memory (MB): peak = 660.879 ; gain = 8.414

Starting Cache Timing Information Task
INFO: [Timing 38-35] Done setting XDC timing constraints.
Ending Cache Timing Information Task | Checksum: 184650838

Time (s): cpu = 00:00:08 ; elapsed = 00:00:11 . Memory (MB): peak = 1215.145 ; gain = 554.266
>>>>>>> Stashed changes

Starting Logic Optimization Task

Phase 1 Initialization

Phase 1.1 Core Generation And Design Setup
Phase 1.1 Core Generation And Design Setup | Checksum: 1bbd77412

Time (s): cpu = 00:00:00 ; elapsed = 00:00:00.006 . Memory (MB): peak = 1837.215 ; gain = 0.000

Phase 1.2 Setup Constraints And Sort Netlist
Phase 1.2 Setup Constraints And Sort Netlist | Checksum: 1bbd77412

Time (s): cpu = 00:00:00 ; elapsed = 00:00:00.008 . Memory (MB): peak = 1837.215 ; gain = 0.000
Phase 1 Initialization | Checksum: 1bbd77412

Time (s): cpu = 00:00:00 ; elapsed = 00:00:00.009 . Memory (MB): peak = 1837.215 ; gain = 0.000

Phase 2 Timer Update And Timing Data Collection

Phase 2.1 Detect if minReqCache needed
Phase 2.1 Detect if minReqCache needed | Checksum: 1bbd77412

Time (s): cpu = 00:00:00 ; elapsed = 00:00:00.015 . Memory (MB): peak = 1837.215 ; gain = 0.000

Phase 2.2 Timer Update
Phase 2.2 Timer Update | Checksum: 1bbd77412

Time (s): cpu = 00:00:00 ; elapsed = 00:00:00.017 . Memory (MB): peak = 1837.215 ; gain = 0.000
Phase 2 Timer Update And Timing Data Collection | Checksum: 1bbd77412

Time (s): cpu = 00:00:00 ; elapsed = 00:00:00.017 . Memory (MB): peak = 1837.215 ; gain = 0.000

Phase 3 Retarget
INFO: [Opt 31-1851] Number of loadless carry chains removed were: 0
INFO: [Opt 31-1834] Total Chains To Be Transformed Were: 0 AND Number of Transformed insts Created are: 0
INFO: [Opt 31-138] Pushed 0 inverter(s) to 0 load pin(s).
INFO: [Opt 31-49] Retargeted 0 cell(s).
<<<<<<< Updated upstream
Phase 3 Retarget | Checksum: 1bbd77412

Time (s): cpu = 00:00:00 ; elapsed = 00:00:00.031 . Memory (MB): peak = 1837.215 ; gain = 0.000
Retarget | Checksum: 1bbd77412
=======
Phase 1 Retarget | Checksum: 184650838

Time (s): cpu = 00:00:00 ; elapsed = 00:00:00.035 . Memory (MB): peak = 1309.727 ; gain = 0.000
>>>>>>> Stashed changes
INFO: [Opt 31-389] Phase Retarget created 0 cells and removed 0 cells

Phase 4 Constant propagation
INFO: [Opt 31-138] Pushed 0 inverter(s) to 0 load pin(s).
<<<<<<< Updated upstream
Phase 4 Constant propagation | Checksum: 1bbd77412

Time (s): cpu = 00:00:00 ; elapsed = 00:00:00.034 . Memory (MB): peak = 1837.215 ; gain = 0.000
Constant propagation | Checksum: 1bbd77412
INFO: [Opt 31-389] Phase Constant propagation created 0 cells and removed 0 cells

Phase 5 Sweep
INFO: [Constraints 18-11670] Building netlist checker database with flags, 0x8
Done building netlist checker database: Time (s): cpu = 00:00:00 ; elapsed = 00:00:00 . Memory (MB): peak = 1837.215 ; gain = 0.000
Phase 5 Sweep | Checksum: 1bbd77412

Time (s): cpu = 00:00:00 ; elapsed = 00:00:00.040 . Memory (MB): peak = 1837.215 ; gain = 0.000
Sweep | Checksum: 1bbd77412
INFO: [Opt 31-389] Phase Sweep created 0 cells and removed 0 cells

Phase 6 BUFG optimization
Phase 6 BUFG optimization | Checksum: 1bbd77412

Time (s): cpu = 00:00:00 ; elapsed = 00:00:00.053 . Memory (MB): peak = 1837.215 ; gain = 0.000
BUFG optimization | Checksum: 1bbd77412
INFO: [Opt 31-662] Phase BUFG optimization created 0 cells of which 0 are BUFGs and removed 0 cells.

Phase 7 Shift Register Optimization
INFO: [Opt 31-1064] SRL Remap converted 0 SRLs to 0 registers and converted 0 registers of register chains to 0 SRLs
Phase 7 Shift Register Optimization | Checksum: 1bbd77412

Time (s): cpu = 00:00:00 ; elapsed = 00:00:00.057 . Memory (MB): peak = 1837.215 ; gain = 0.000
Shift Register Optimization | Checksum: 1bbd77412
INFO: [Opt 31-389] Phase Shift Register Optimization created 0 cells and removed 0 cells

Phase 8 Post Processing Netlist
Phase 8 Post Processing Netlist | Checksum: 1bbd77412

Time (s): cpu = 00:00:00 ; elapsed = 00:00:00.058 . Memory (MB): peak = 1837.215 ; gain = 0.000
Post Processing Netlist | Checksum: 1bbd77412
=======
Phase 2 Constant propagation | Checksum: 1836b9982

Time (s): cpu = 00:00:00 ; elapsed = 00:00:00.052 . Memory (MB): peak = 1309.727 ; gain = 0.000
INFO: [Opt 31-389] Phase Constant propagation created 0 cells and removed 0 cells

Phase 3 Sweep
Phase 3 Sweep | Checksum: 13d24b79d

Time (s): cpu = 00:00:00 ; elapsed = 00:00:00.075 . Memory (MB): peak = 1309.727 ; gain = 0.000
INFO: [Opt 31-389] Phase Sweep created 2 cells and removed 0 cells

Phase 4 BUFG optimization
Phase 4 BUFG optimization | Checksum: 13d24b79d

Time (s): cpu = 00:00:00 ; elapsed = 00:00:00.082 . Memory (MB): peak = 1309.727 ; gain = 0.000
INFO: [Opt 31-662] Phase BUFG optimization created 0 cells of which 0 are BUFGs and removed 0 cells.

Phase 5 Shift Register Optimization
Phase 5 Shift Register Optimization | Checksum: 1a8e5f79b

Time (s): cpu = 00:00:00 ; elapsed = 00:00:00.110 . Memory (MB): peak = 1309.727 ; gain = 0.000
INFO: [Opt 31-389] Phase Shift Register Optimization created 0 cells and removed 0 cells

Phase 6 Post Processing Netlist
Phase 6 Post Processing Netlist | Checksum: 115d11fab

Time (s): cpu = 00:00:00 ; elapsed = 00:00:00.113 . Memory (MB): peak = 1309.727 ; gain = 0.000
>>>>>>> Stashed changes
INFO: [Opt 31-389] Phase Post Processing Netlist created 0 cells and removed 0 cells

Phase 9 Finalization

Phase 9.1 Finalizing Design Cores and Updating Shapes
Phase 9.1 Finalizing Design Cores and Updating Shapes | Checksum: 1bbd77412

Time (s): cpu = 00:00:00 ; elapsed = 00:00:00.060 . Memory (MB): peak = 1837.215 ; gain = 0.000

Phase 9.2 Verifying Netlist Connectivity

Starting Connectivity Check Task

Time (s): cpu = 00:00:00 ; elapsed = 00:00:00.008 . Memory (MB): peak = 1837.215 ; gain = 0.000
Phase 9.2 Verifying Netlist Connectivity | Checksum: 1bbd77412

Time (s): cpu = 00:00:00 ; elapsed = 00:00:00.070 . Memory (MB): peak = 1837.215 ; gain = 0.000
Phase 9 Finalization | Checksum: 1bbd77412

Time (s): cpu = 00:00:00 ; elapsed = 00:00:00.070 . Memory (MB): peak = 1837.215 ; gain = 0.000
Opt_design Change Summary
=========================


-------------------------------------------------------------------------------------------------------------------------
|  Phase                        |  #Cells created  |  #Cells Removed  |  #Constrained objects preventing optimizations  |
-------------------------------------------------------------------------------------------------------------------------
|  Retarget                     |               0  |               0  |                                              0  |
|  Constant propagation         |               0  |               0  |                                              0  |
<<<<<<< Updated upstream
|  Sweep                        |               0  |               0  |                                              0  |
=======
|  Sweep                        |               2  |               0  |                                              0  |
>>>>>>> Stashed changes
|  BUFG optimization            |               0  |               0  |                                              0  |
|  Shift Register Optimization  |               0  |               0  |                                              0  |
|  Post Processing Netlist      |               0  |               0  |                                              0  |
-------------------------------------------------------------------------------------------------------------------------


Ending Logic Optimization Task | Checksum: 1bbd77412

<<<<<<< Updated upstream
Time (s): cpu = 00:00:00 ; elapsed = 00:00:00.074 . Memory (MB): peak = 1837.215 ; gain = 0.000

Starting Power Optimization Task
INFO: [Pwropt 34-132] Skipping clock gating for clocks with a period < 2.00 ns.
Ending Power Optimization Task | Checksum: 1bbd77412

Time (s): cpu = 00:00:00 ; elapsed = 00:00:00.026 . Memory (MB): peak = 1837.215 ; gain = 0.000

Starting Final Cleanup Task
Ending Final Cleanup Task | Checksum: 1bbd77412

Time (s): cpu = 00:00:00 ; elapsed = 00:00:00 . Memory (MB): peak = 1837.215 ; gain = 0.000
Netlist sorting complete. Time (s): cpu = 00:00:00 ; elapsed = 00:00:00 . Memory (MB): peak = 1837.215 ; gain = 0.000
=======
Starting Connectivity Check Task

Time (s): cpu = 00:00:00 ; elapsed = 00:00:00.001 . Memory (MB): peak = 1309.727 ; gain = 0.000
Ending Logic Optimization Task | Checksum: 115d11fab

Time (s): cpu = 00:00:00 ; elapsed = 00:00:00.116 . Memory (MB): peak = 1309.727 ; gain = 0.000

Starting Power Optimization Task
INFO: [Pwropt 34-132] Skipping clock gating for clocks with a period < 2.00 ns.
Ending Power Optimization Task | Checksum: 115d11fab

Time (s): cpu = 00:00:00 ; elapsed = 00:00:00.011 . Memory (MB): peak = 1309.727 ; gain = 0.000

Starting Final Cleanup Task
Ending Final Cleanup Task | Checksum: 115d11fab

Time (s): cpu = 00:00:00 ; elapsed = 00:00:00 . Memory (MB): peak = 1309.727 ; gain = 0.000

Starting Netlist Obfuscation Task
Netlist sorting complete. Time (s): cpu = 00:00:00 ; elapsed = 00:00:00 . Memory (MB): peak = 1309.727 ; gain = 0.000
Ending Netlist Obfuscation Task | Checksum: 115d11fab

Time (s): cpu = 00:00:00 ; elapsed = 00:00:00 . Memory (MB): peak = 1309.727 ; gain = 0.000
>>>>>>> Stashed changes
INFO: [Common 17-83] Releasing license: Implementation
25 Infos, 39 Warnings, 39 Critical Warnings and 0 Errors encountered.
opt_design completed successfully
<<<<<<< Updated upstream
opt_design: Time (s): cpu = 00:00:09 ; elapsed = 00:00:10 . Memory (MB): peak = 1837.215 ; gain = 967.273
INFO: [Vivado 12-24828] Executing command : report_drc -file Tri_State_Buffer_drc_opted.rpt -pb Tri_State_Buffer_drc_opted.pb -rpx Tri_State_Buffer_drc_opted.rpx
Command: report_drc -file Tri_State_Buffer_drc_opted.rpt -pb Tri_State_Buffer_drc_opted.pb -rpx Tri_State_Buffer_drc_opted.rpx
=======
opt_design: Time (s): cpu = 00:00:10 ; elapsed = 00:00:12 . Memory (MB): peak = 1309.727 ; gain = 657.262
Netlist sorting complete. Time (s): cpu = 00:00:00 ; elapsed = 00:00:00 . Memory (MB): peak = 1309.727 ; gain = 0.000
INFO: [Timing 38-480] Writing timing data to binary archive.
Writing placer database...
Writing XDEF routing.
Writing XDEF routing logical nets.
Writing XDEF routing special nets.
Write XDEF Complete: Time (s): cpu = 00:00:01 ; elapsed = 00:00:00.039 . Memory (MB): peak = 1309.727 ; gain = 0.000
Netlist sorting complete. Time (s): cpu = 00:00:00 ; elapsed = 00:00:00 . Memory (MB): peak = 1309.727 ; gain = 0.000
INFO: [Common 17-1381] The checkpoint 'C:/Users/USER/Desktop/Nanoprocessor-Design-Compettition-main/src/project_1/project_1.runs/impl_1/Nano_Processor_7_seg_opt.dcp' has been generated.
INFO: [runtcl-4] Executing : report_drc -file Nano_Processor_7_seg_drc_opted.rpt -pb Nano_Processor_7_seg_drc_opted.pb -rpx Nano_Processor_7_seg_drc_opted.rpx
Command: report_drc -file Nano_Processor_7_seg_drc_opted.rpt -pb Nano_Processor_7_seg_drc_opted.pb -rpx Nano_Processor_7_seg_drc_opted.rpx
>>>>>>> Stashed changes
INFO: [IP_Flow 19-234] Refreshing IP repositories
INFO: [IP_Flow 19-1704] No user IP repositories specified
INFO: [IP_Flow 19-2313] Loaded Vivado IP repository 'C:/AMDDesignTools/2025.2/Vivado/data/ip'.
INFO: [DRC 23-27] Running DRC with 2 threads
INFO: [Vivado_Tcl 2-168] The results of DRC are in file C:/Users/VICTUS/OneDrive/Desktop/COADD/Nanoprocessor-Design/Nanoprocessor-Design-Compettition-main/src/project_1/project_1.runs/impl_1/Tri_State_Buffer_drc_opted.rpt.
report_drc completed successfully
<<<<<<< Updated upstream
INFO: [Timing 38-480] Writing timing data to binary archive.
Write ShapeDB Complete: Time (s): cpu = 00:00:00 ; elapsed = 00:00:00.001 . Memory (MB): peak = 1837.215 ; gain = 0.000
INFO: [Common 17-1381] The checkpoint 'C:/Users/VICTUS/OneDrive/Desktop/COADD/Nanoprocessor-Design/Nanoprocessor-Design-Compettition-main/src/project_1/project_1.runs/impl_1/Tri_State_Buffer_opt.dcp' has been generated.
=======
>>>>>>> Stashed changes
Command: place_design
Attempting to get a license for feature 'Implementation' and/or device 'xc7a35t'
INFO: [Common 17-349] Got license for feature 'Implementation' and/or device 'xc7a35t'
INFO: [Common 17-83] Releasing license: Implementation
INFO: [DRC 23-27] Running DRC with 2 threads
INFO: [Vivado_Tcl 4-198] DRC finished with 0 Errors
INFO: [Vivado_Tcl 4-199] Please refer to the DRC report (report_drc) for more information.
INFO: [Timing 38-35] Done setting XDC timing constraints.
Running DRC as a precondition to command place_design
INFO: [DRC 23-27] Running DRC with 2 threads
INFO: [Vivado_Tcl 4-198] DRC finished with 0 Errors
INFO: [Vivado_Tcl 4-199] Please refer to the DRC report (report_drc) for more information.
INFO: [Place 30-611] Multithreading enabled for place_design using a maximum of 2 CPUs

Starting Placer Task

Phase 1 Placer Initialization

Phase 1.1 Placer Initialization Netlist Sorting
<<<<<<< Updated upstream
Netlist sorting complete. Time (s): cpu = 00:00:00 ; elapsed = 00:00:00 . Memory (MB): peak = 1837.215 ; gain = 0.000
Phase 1.1 Placer Initialization Netlist Sorting | Checksum: 1a2fb0d54

Time (s): cpu = 00:00:00 ; elapsed = 00:00:00.014 . Memory (MB): peak = 1837.215 ; gain = 0.000
Netlist sorting complete. Time (s): cpu = 00:00:00 ; elapsed = 00:00:00 . Memory (MB): peak = 1837.215 ; gain = 0.000

Phase 1.2 IO Placement/ Clock Placement/ Build Placer Device
Phase 1.2 IO Placement/ Clock Placement/ Build Placer Device | Checksum: 2036e604b

Time (s): cpu = 00:00:00 ; elapsed = 00:00:00.127 . Memory (MB): peak = 1837.215 ; gain = 0.000

Phase 1.3 Build Placer Netlist Model
Phase 1.3 Build Placer Netlist Model | Checksum: 2c778f976

Time (s): cpu = 00:00:00 ; elapsed = 00:00:00.188 . Memory (MB): peak = 1837.215 ; gain = 0.000

Phase 1.4 Constrain Clocks/Macros
Phase 1.4 Constrain Clocks/Macros | Checksum: 2c778f976

Time (s): cpu = 00:00:00 ; elapsed = 00:00:00.193 . Memory (MB): peak = 1837.215 ; gain = 0.000
Phase 1 Placer Initialization | Checksum: 2c778f976

Time (s): cpu = 00:00:00 ; elapsed = 00:00:00.205 . Memory (MB): peak = 1837.215 ; gain = 0.000
=======
Netlist sorting complete. Time (s): cpu = 00:00:00 ; elapsed = 00:00:00 . Memory (MB): peak = 1309.727 ; gain = 0.000
Phase 1.1 Placer Initialization Netlist Sorting | Checksum: db0d0ac1

Time (s): cpu = 00:00:00 ; elapsed = 00:00:00.014 . Memory (MB): peak = 1309.727 ; gain = 0.000
Netlist sorting complete. Time (s): cpu = 00:00:00 ; elapsed = 00:00:00 . Memory (MB): peak = 1309.727 ; gain = 0.000

Phase 1.2 IO Placement/ Clock Placement/ Build Placer Device
INFO: [Timing 38-35] Done setting XDC timing constraints.
Phase 1.2 IO Placement/ Clock Placement/ Build Placer Device | Checksum: 6be3ee88

Time (s): cpu = 00:00:00 ; elapsed = 00:00:00.665 . Memory (MB): peak = 1315.336 ; gain = 5.609

Phase 1.3 Build Placer Netlist Model
Phase 1.3 Build Placer Netlist Model | Checksum: 1013b97c0

Time (s): cpu = 00:00:00 ; elapsed = 00:00:00.835 . Memory (MB): peak = 1322.977 ; gain = 13.250

Phase 1.4 Constrain Clocks/Macros
Phase 1.4 Constrain Clocks/Macros | Checksum: 1013b97c0

Time (s): cpu = 00:00:00 ; elapsed = 00:00:00.838 . Memory (MB): peak = 1322.977 ; gain = 13.250
Phase 1 Placer Initialization | Checksum: 1013b97c0

Time (s): cpu = 00:00:00 ; elapsed = 00:00:00.845 . Memory (MB): peak = 1322.977 ; gain = 13.250
>>>>>>> Stashed changes

Phase 2 Global Placement

Phase 2.1 Floorplanning
<<<<<<< Updated upstream
Phase 2.1 Floorplanning | Checksum: 2c778f976

Time (s): cpu = 00:00:00 ; elapsed = 00:00:00.218 . Memory (MB): peak = 1837.215 ; gain = 0.000

Phase 2.2 Update Timing before SLR Path Opt
Phase 2.2 Update Timing before SLR Path Opt | Checksum: 2c778f976
=======
Phase 2.1 Floorplanning | Checksum: 9fc79d50

Time (s): cpu = 00:00:01 ; elapsed = 00:00:00.903 . Memory (MB): peak = 1322.977 ; gain = 13.250

Phase 2.2 Physical Synthesis In Placer
INFO: [Physopt 32-65] No nets found for high-fanout optimization.
INFO: [Physopt 32-232] Optimized 0 net. Created 0 new instance.
INFO: [Physopt 32-775] End 1 Pass. Optimized 0 net or cell. Created 0 new cell, deleted 0 existing cell and moved 0 existing cell
INFO: [Physopt 32-670] No setup violation found.  DSP Register Optimization was not performed.
INFO: [Physopt 32-670] No setup violation found.  Shift Register Optimization was not performed.
INFO: [Physopt 32-670] No setup violation found.  BRAM Register Optimization was not performed.
INFO: [Physopt 32-949] No candidate nets found for HD net replication
INFO: [Physopt 32-775] End 1 Pass. Optimized 0 net or cell. Created 0 new cell, deleted 0 existing cell and moved 0 existing cell
Netlist sorting complete. Time (s): cpu = 00:00:00 ; elapsed = 00:00:00 . Memory (MB): peak = 1322.977 ; gain = 0.000
>>>>>>> Stashed changes

Time (s): cpu = 00:00:00 ; elapsed = 00:00:00.219 . Memory (MB): peak = 1837.215 ; gain = 0.000

Phase 2.3 Post-Processing in Floorplanning
Phase 2.3 Post-Processing in Floorplanning | Checksum: 2c778f976

Time (s): cpu = 00:00:00 ; elapsed = 00:00:00.220 . Memory (MB): peak = 1837.215 ; gain = 0.000

Phase 2.4 Global Place Phase1
Phase 2.4 Global Place Phase1 | Checksum: 2d6f5c02a

<<<<<<< Updated upstream
Time (s): cpu = 00:00:00 ; elapsed = 00:00:00.318 . Memory (MB): peak = 1837.215 ; gain = 0.000

Phase 2.5 Global Place Phase2
WARNING: [Place 46-29] Timing had been disabled during Placer and, therefore, physical synthesis in Placer will be skipped.
Phase 2.5 Global Place Phase2 | Checksum: 2d85ca55b

Time (s): cpu = 00:00:00 ; elapsed = 00:00:00.367 . Memory (MB): peak = 1837.215 ; gain = 0.000
Phase 2 Global Placement | Checksum: 2d85ca55b

Time (s): cpu = 00:00:00 ; elapsed = 00:00:00.372 . Memory (MB): peak = 1837.215 ; gain = 0.000
=======
Phase 2.2 Physical Synthesis In Placer | Checksum: 15c0363ce

Time (s): cpu = 00:00:01 ; elapsed = 00:00:01 . Memory (MB): peak = 1322.977 ; gain = 13.250
Phase 2 Global Placement | Checksum: 118739f16

Time (s): cpu = 00:00:01 ; elapsed = 00:00:01 . Memory (MB): peak = 1322.977 ; gain = 13.250
>>>>>>> Stashed changes

Phase 3 Detail Placement

Phase 3.1 Commit Multi Column Macros
<<<<<<< Updated upstream
Phase 3.1 Commit Multi Column Macros | Checksum: 2d85ca55b

Time (s): cpu = 00:00:00 ; elapsed = 00:00:00.377 . Memory (MB): peak = 1837.215 ; gain = 0.000

Phase 3.2 Commit Most Macros & LUTRAMs
Phase 3.2 Commit Most Macros & LUTRAMs | Checksum: 301d5a69d

Time (s): cpu = 00:00:00 ; elapsed = 00:00:00.389 . Memory (MB): peak = 1837.215 ; gain = 0.000

Phase 3.3 Area Swap Optimization
Phase 3.3 Area Swap Optimization | Checksum: 2d85ca55b

Time (s): cpu = 00:00:00 ; elapsed = 00:00:00.395 . Memory (MB): peak = 1837.215 ; gain = 0.000

Phase 3.4 Pipeline Register Optimization
Phase 3.4 Pipeline Register Optimization | Checksum: 2d85ca55b

Time (s): cpu = 00:00:00 ; elapsed = 00:00:00.396 . Memory (MB): peak = 1837.215 ; gain = 0.000

Phase 3.5 Small Shape Detail Placement
Phase 3.5 Small Shape Detail Placement | Checksum: 2006c9f6f

Time (s): cpu = 00:00:01 ; elapsed = 00:00:01 . Memory (MB): peak = 1837.215 ; gain = 0.000

Phase 3.6 Re-assign LUT pins
Phase 3.6 Re-assign LUT pins | Checksum: 2006c9f6f

Time (s): cpu = 00:00:01 ; elapsed = 00:00:01 . Memory (MB): peak = 1837.215 ; gain = 0.000

Phase 3.7 Pipeline Register Optimization
Phase 3.7 Pipeline Register Optimization | Checksum: 2006c9f6f

Time (s): cpu = 00:00:01 ; elapsed = 00:00:01 . Memory (MB): peak = 1837.215 ; gain = 0.000
Phase 3 Detail Placement | Checksum: 2006c9f6f

Time (s): cpu = 00:00:01 ; elapsed = 00:00:01 . Memory (MB): peak = 1837.215 ; gain = 0.000
=======
Phase 3.1 Commit Multi Column Macros | Checksum: 118739f16

Time (s): cpu = 00:00:01 ; elapsed = 00:00:01 . Memory (MB): peak = 1322.977 ; gain = 13.250

Phase 3.2 Commit Most Macros & LUTRAMs
Phase 3.2 Commit Most Macros & LUTRAMs | Checksum: d381ee19

Time (s): cpu = 00:00:01 ; elapsed = 00:00:01 . Memory (MB): peak = 1322.977 ; gain = 13.250

Phase 3.3 Area Swap Optimization
Phase 3.3 Area Swap Optimization | Checksum: 14cbab00c

Time (s): cpu = 00:00:01 ; elapsed = 00:00:01 . Memory (MB): peak = 1322.977 ; gain = 13.250

Phase 3.4 Pipeline Register Optimization
Phase 3.4 Pipeline Register Optimization | Checksum: 1432834be

Time (s): cpu = 00:00:01 ; elapsed = 00:00:01 . Memory (MB): peak = 1322.977 ; gain = 13.250

Phase 3.5 Small Shape Detail Placement
Phase 3.5 Small Shape Detail Placement | Checksum: 18481fc18

Time (s): cpu = 00:00:01 ; elapsed = 00:00:02 . Memory (MB): peak = 1322.977 ; gain = 13.250

Phase 3.6 Re-assign LUT pins
Phase 3.6 Re-assign LUT pins | Checksum: 1c6d17812

Time (s): cpu = 00:00:01 ; elapsed = 00:00:02 . Memory (MB): peak = 1322.977 ; gain = 13.250

Phase 3.7 Pipeline Register Optimization
Phase 3.7 Pipeline Register Optimization | Checksum: 1cc43e2c0

Time (s): cpu = 00:00:01 ; elapsed = 00:00:02 . Memory (MB): peak = 1322.977 ; gain = 13.250
Phase 3 Detail Placement | Checksum: 1cc43e2c0

Time (s): cpu = 00:00:01 ; elapsed = 00:00:02 . Memory (MB): peak = 1322.977 ; gain = 13.250
>>>>>>> Stashed changes

Phase 4 Post Placement Optimization and Clean-Up

Phase 4.1 Post Commit Optimization
Phase 4.1 Post Commit Optimization | Checksum: 2006c9f6f

<<<<<<< Updated upstream
Time (s): cpu = 00:00:01 ; elapsed = 00:00:01 . Memory (MB): peak = 1837.215 ; gain = 0.000

Phase 4.2 Post Placement Cleanup
Phase 4.2 Post Placement Cleanup | Checksum: 2006c9f6f

Time (s): cpu = 00:00:01 ; elapsed = 00:00:01 . Memory (MB): peak = 1837.215 ; gain = 0.000

Phase 4.3 Placer Reporting

Phase 4.3.1 Print Estimated Congestion
INFO: [Place 30-612] Post-Placement Estimated Congestion 
 ____________________________________________________
|           | Global Congestion | Short Congestion  |
| Direction | Region Size       | Region Size       |
|___________|___________________|___________________|
|      North|                1x1|                1x1|
|___________|___________________|___________________|
|      South|                1x1|                1x1|
|___________|___________________|___________________|
|       East|                1x1|                1x1|
|___________|___________________|___________________|
|       West|                1x1|                1x1|
|___________|___________________|___________________|

Phase 4.3.1 Print Estimated Congestion | Checksum: 2006c9f6f

Time (s): cpu = 00:00:01 ; elapsed = 00:00:01 . Memory (MB): peak = 1837.215 ; gain = 0.000
Phase 4.3 Placer Reporting | Checksum: 2006c9f6f

Time (s): cpu = 00:00:01 ; elapsed = 00:00:01 . Memory (MB): peak = 1837.215 ; gain = 0.000

Phase 4.4 Final Placement Cleanup
Netlist sorting complete. Time (s): cpu = 00:00:00 ; elapsed = 00:00:00 . Memory (MB): peak = 1837.215 ; gain = 0.000

Time (s): cpu = 00:00:01 ; elapsed = 00:00:01 . Memory (MB): peak = 1837.215 ; gain = 0.000
Phase 4 Post Placement Optimization and Clean-Up | Checksum: 2006c9f6f

Time (s): cpu = 00:00:01 ; elapsed = 00:00:01 . Memory (MB): peak = 1837.215 ; gain = 0.000
Ending Placer Task | Checksum: 159a81191

Time (s): cpu = 00:00:01 ; elapsed = 00:00:01 . Memory (MB): peak = 1837.215 ; gain = 0.000
44 Infos, 40 Warnings, 39 Critical Warnings and 0 Errors encountered.
place_design completed successfully
INFO: [Vivado 12-24838] Running report commands "report_control_sets, report_io, report_utilization" in parallel.
Running report generation with 2 threads.
INFO: [Vivado 12-24828] Executing command : report_utilization -file Tri_State_Buffer_utilization_placed.rpt -pb Tri_State_Buffer_utilization_placed.pb
INFO: [Vivado 12-24828] Executing command : report_control_sets -verbose -file Tri_State_Buffer_control_sets_placed.rpt
report_control_sets: Time (s): cpu = 00:00:00 ; elapsed = 00:00:00.003 . Memory (MB): peak = 1837.215 ; gain = 0.000
INFO: [Vivado 12-24828] Executing command : report_io -file Tri_State_Buffer_io_placed.rpt
report_io: Time (s): cpu = 00:00:00 ; elapsed = 00:00:00.067 . Memory (MB): peak = 1837.215 ; gain = 0.000
Write ShapeDB Complete: Time (s): cpu = 00:00:00 ; elapsed = 00:00:00.001 . Memory (MB): peak = 1837.215 ; gain = 0.000
=======
Phase 4.1.1 Post Placement Optimization
Post Placement Optimization Initialization | Checksum: 17afcd457

Phase 4.1.1.1 BUFG Insertion
INFO: [Place 46-46] BUFG insertion identified 0 candidate nets, 0 success, 0 bufg driver replicated, 0 skipped for placement/routing, 0 skipped for timing, 0 skipped for netlist change reason
Phase 4.1.1.1 BUFG Insertion | Checksum: 17afcd457

Time (s): cpu = 00:00:01 ; elapsed = 00:00:02 . Memory (MB): peak = 1322.977 ; gain = 13.250
INFO: [Place 30-746] Post Placement Timing Summary WNS=5.568. For the most accurate timing information please run report_timing.
Phase 4.1.1 Post Placement Optimization | Checksum: 2126b550d

Time (s): cpu = 00:00:01 ; elapsed = 00:00:02 . Memory (MB): peak = 1322.977 ; gain = 13.250
Phase 4.1 Post Commit Optimization | Checksum: 2126b550d

Time (s): cpu = 00:00:01 ; elapsed = 00:00:02 . Memory (MB): peak = 1322.977 ; gain = 13.250

Phase 4.2 Post Placement Cleanup
Phase 4.2 Post Placement Cleanup | Checksum: 2126b550d

Time (s): cpu = 00:00:01 ; elapsed = 00:00:02 . Memory (MB): peak = 1322.977 ; gain = 13.250

Phase 4.3 Placer Reporting
Phase 4.3 Placer Reporting | Checksum: 2126b550d

Time (s): cpu = 00:00:01 ; elapsed = 00:00:02 . Memory (MB): peak = 1322.977 ; gain = 13.250

Phase 4.4 Final Placement Cleanup
Netlist sorting complete. Time (s): cpu = 00:00:00 ; elapsed = 00:00:00 . Memory (MB): peak = 1322.977 ; gain = 0.000
Phase 4.4 Final Placement Cleanup | Checksum: 1f8a9b954

Time (s): cpu = 00:00:01 ; elapsed = 00:00:02 . Memory (MB): peak = 1322.977 ; gain = 13.250
Phase 4 Post Placement Optimization and Clean-Up | Checksum: 1f8a9b954

Time (s): cpu = 00:00:01 ; elapsed = 00:00:02 . Memory (MB): peak = 1322.977 ; gain = 13.250
Ending Placer Task | Checksum: 14c04dc1f

Time (s): cpu = 00:00:01 ; elapsed = 00:00:02 . Memory (MB): peak = 1322.977 ; gain = 13.250
INFO: [Common 17-83] Releasing license: Implementation
52 Infos, 0 Warnings, 0 Critical Warnings and 0 Errors encountered.
place_design completed successfully
Netlist sorting complete. Time (s): cpu = 00:00:00 ; elapsed = 00:00:00 . Memory (MB): peak = 1322.977 ; gain = 0.000
>>>>>>> Stashed changes
INFO: [Timing 38-480] Writing timing data to binary archive.
Wrote PlaceDB: Time (s): cpu = 00:00:00 ; elapsed = 00:00:00 . Memory (MB): peak = 1837.215 ; gain = 0.000
Wrote PulsedLatchDB: Time (s): cpu = 00:00:00 ; elapsed = 00:00:00 . Memory (MB): peak = 1837.215 ; gain = 0.000
Writing XDEF routing.
Writing XDEF routing logical nets.
Writing XDEF routing special nets.
<<<<<<< Updated upstream
Wrote RouteStorage: Time (s): cpu = 00:00:00 ; elapsed = 00:00:00.020 . Memory (MB): peak = 1837.215 ; gain = 0.000
Wrote PlaceStorage: Time (s): cpu = 00:00:00 ; elapsed = 00:00:00.001 . Memory (MB): peak = 1837.215 ; gain = 0.000
Wrote Netlist Cache: Time (s): cpu = 00:00:00 ; elapsed = 00:00:00.001 . Memory (MB): peak = 1837.215 ; gain = 0.000
Wrote Device Cache: Time (s): cpu = 00:00:00 ; elapsed = 00:00:00.006 . Memory (MB): peak = 1837.215 ; gain = 0.000
Write Physdb Complete: Time (s): cpu = 00:00:00 ; elapsed = 00:00:00.033 . Memory (MB): peak = 1837.215 ; gain = 0.000
INFO: [Common 17-1381] The checkpoint 'C:/Users/VICTUS/OneDrive/Desktop/COADD/Nanoprocessor-Design/Nanoprocessor-Design-Compettition-main/src/project_1/project_1.runs/impl_1/Tri_State_Buffer_placed.dcp' has been generated.
=======
Write XDEF Complete: Time (s): cpu = 00:00:00 ; elapsed = 00:00:00.062 . Memory (MB): peak = 1327.234 ; gain = 4.258
Netlist sorting complete. Time (s): cpu = 00:00:00 ; elapsed = 00:00:00 . Memory (MB): peak = 1330.242 ; gain = 0.000
INFO: [Common 17-1381] The checkpoint 'C:/Users/USER/Desktop/Nanoprocessor-Design-Compettition-main/src/project_1/project_1.runs/impl_1/Nano_Processor_7_seg_placed.dcp' has been generated.
INFO: [runtcl-4] Executing : report_io -file Nano_Processor_7_seg_io_placed.rpt
report_io: Time (s): cpu = 00:00:00 ; elapsed = 00:00:00.045 . Memory (MB): peak = 1331.121 ; gain = 0.000
INFO: [runtcl-4] Executing : report_utilization -file Nano_Processor_7_seg_utilization_placed.rpt -pb Nano_Processor_7_seg_utilization_placed.pb
INFO: [runtcl-4] Executing : report_control_sets -verbose -file Nano_Processor_7_seg_control_sets_placed.rpt
report_control_sets: Time (s): cpu = 00:00:00 ; elapsed = 00:00:00.003 . Memory (MB): peak = 1331.121 ; gain = 0.000
>>>>>>> Stashed changes
Command: route_design
Attempting to get a license for feature 'Implementation' and/or device 'xc7a35t'
INFO: [Common 17-349] Got license for feature 'Implementation' and/or device 'xc7a35t'


Starting Routing Task
INFO: [Route 35-254] Multithreading enabled for route_design using a maximum of 2 CPUs
<<<<<<< Updated upstream

Phase 1 Build RT Design
Checksum: PlaceDB: 4611e8a9 ConstDB: 0 ShapeSum: 7314cc91 RouteDB: a0815c57
Post Restoration Checksum: NetGraph: 6bf4d823 | NumContArr: 955fc58b | Constraints: c2a8fa9d | Timing: c2a8fa9d
Phase 1 Build RT Design | Checksum: 286a692e8

Time (s): cpu = 00:00:17 ; elapsed = 00:00:16 . Memory (MB): peak = 1837.215 ; gain = 0.000
=======
Checksum: PlaceDB: c1113108 ConstDB: 0 ShapeSum: 8af3ab17 RouteDB: 0

Phase 1 Build RT Design
Phase 1 Build RT Design | Checksum: 1ba0791e0

Time (s): cpu = 00:00:19 ; elapsed = 00:00:20 . Memory (MB): peak = 1452.691 ; gain = 121.570
Post Restoration Checksum: NetGraph: dd766fcd NumContArr: dc912213 Constraints: 0 Timing: 0
>>>>>>> Stashed changes

Phase 2 Router Initialization
INFO: [Route 35-64] No timing constraints were detected. The router will operate in resource-optimization mode.

<<<<<<< Updated upstream
Phase 2.1 Fix Topology Constraints
Phase 2.1 Fix Topology Constraints | Checksum: 286a692e8

Time (s): cpu = 00:00:17 ; elapsed = 00:00:16 . Memory (MB): peak = 1837.215 ; gain = 0.000

Phase 2.2 Pre Route Cleanup
Phase 2.2 Pre Route Cleanup | Checksum: 286a692e8

Time (s): cpu = 00:00:17 ; elapsed = 00:00:16 . Memory (MB): peak = 1837.215 ; gain = 0.000

Router Utilization Summary
  Global Vertical Routing Utilization    = 0 %
  Global Horizontal Routing Utilization  = 0 %
  Routable Net Status*
  *Does not include unroutable nets such as driverless and loadless.
  Run report_route_status for detailed report.
  Number of Failed Nets               = 3
    (Failed Nets is the sum of unrouted and partially routed nets)
  Number of Unrouted Nets             = 3
  Number of Partially Routed Nets     = 0
  Number of Node Overlaps             = 0

Phase 2 Router Initialization | Checksum: 286a692e8

Time (s): cpu = 00:00:17 ; elapsed = 00:00:16 . Memory (MB): peak = 1837.215 ; gain = 0.000

Phase 3 Global Routing
Phase 3 Global Routing | Checksum: 286a692e8

Time (s): cpu = 00:00:17 ; elapsed = 00:00:16 . Memory (MB): peak = 1837.215 ; gain = 0.000

Phase 4 Initial Routing

Phase 4.1 Initial Net Routing Pass
 Number of Nodes with overlaps = 0
Phase 4.1 Initial Net Routing Pass | Checksum: 29e198f6e

Time (s): cpu = 00:00:17 ; elapsed = 00:00:16 . Memory (MB): peak = 1837.215 ; gain = 0.000
Phase 4 Initial Routing | Checksum: 29e198f6e

Time (s): cpu = 00:00:17 ; elapsed = 00:00:16 . Memory (MB): peak = 1837.215 ; gain = 0.000

Phase 5 Rip-up And Reroute

Phase 5.1 Global Iteration 0
Phase 5.1 Global Iteration 0 | Checksum: 29e198f6e

Time (s): cpu = 00:00:17 ; elapsed = 00:00:16 . Memory (MB): peak = 1837.215 ; gain = 0.000
Phase 5 Rip-up And Reroute | Checksum: 29e198f6e

Time (s): cpu = 00:00:17 ; elapsed = 00:00:16 . Memory (MB): peak = 1837.215 ; gain = 0.000

Phase 6 Delay and Skew Optimization
Phase 6 Delay and Skew Optimization | Checksum: 29e198f6e

Time (s): cpu = 00:00:17 ; elapsed = 00:00:16 . Memory (MB): peak = 1837.215 ; gain = 0.000

Phase 7 Post Hold Fix

Phase 7.1 Hold Fix Iter
Phase 7.1 Hold Fix Iter | Checksum: 29e198f6e

Time (s): cpu = 00:00:17 ; elapsed = 00:00:16 . Memory (MB): peak = 1837.215 ; gain = 0.000
Phase 7 Post Hold Fix | Checksum: 29e198f6e

Time (s): cpu = 00:00:17 ; elapsed = 00:00:16 . Memory (MB): peak = 1837.215 ; gain = 0.000

Phase 8 Route finalize

Router Utilization Summary
  Global Vertical Routing Utilization    = 0.000318903 %
  Global Horizontal Routing Utilization  = 0.000780843 %
=======
Phase 2.1 Create Timer
Phase 2.1 Create Timer | Checksum: 1ba0791e0

Time (s): cpu = 00:00:19 ; elapsed = 00:00:20 . Memory (MB): peak = 1485.027 ; gain = 153.906

Phase 2.2 Fix Topology Constraints
Phase 2.2 Fix Topology Constraints | Checksum: 1ba0791e0

Time (s): cpu = 00:00:19 ; elapsed = 00:00:20 . Memory (MB): peak = 1491.023 ; gain = 159.902

Phase 2.3 Pre Route Cleanup
Phase 2.3 Pre Route Cleanup | Checksum: 1ba0791e0

Time (s): cpu = 00:00:19 ; elapsed = 00:00:20 . Memory (MB): peak = 1491.023 ; gain = 159.902
 Number of Nodes with overlaps = 0

Phase 2.4 Update Timing
Phase 2.4 Update Timing | Checksum: 1373e11b7

Time (s): cpu = 00:00:19 ; elapsed = 00:00:20 . Memory (MB): peak = 1494.684 ; gain = 163.562
INFO: [Route 35-416] Intermediate Timing Summary | WNS=5.572  | TNS=0.000  | WHS=-0.052 | THS=-0.286 |

Phase 2 Router Initialization | Checksum: 16774da81

Time (s): cpu = 00:00:19 ; elapsed = 00:00:20 . Memory (MB): peak = 1494.684 ; gain = 163.562

Phase 3 Initial Routing
Phase 3 Initial Routing | Checksum: 176a6ee9e

Time (s): cpu = 00:00:19 ; elapsed = 00:00:20 . Memory (MB): peak = 1494.684 ; gain = 163.562

Phase 4 Rip-up And Reroute

Phase 4.1 Global Iteration 0
 Number of Nodes with overlaps = 12
 Number of Nodes with overlaps = 0
INFO: [Route 35-416] Intermediate Timing Summary | WNS=5.143  | TNS=0.000  | WHS=N/A    | THS=N/A    |

Phase 4.1 Global Iteration 0 | Checksum: 18531c43b

Time (s): cpu = 00:00:19 ; elapsed = 00:00:20 . Memory (MB): peak = 1494.684 ; gain = 163.562
Phase 4 Rip-up And Reroute | Checksum: 18531c43b

Time (s): cpu = 00:00:19 ; elapsed = 00:00:20 . Memory (MB): peak = 1494.684 ; gain = 163.562

Phase 5 Delay and Skew Optimization

Phase 5.1 Delay CleanUp
Phase 5.1 Delay CleanUp | Checksum: 18531c43b

Time (s): cpu = 00:00:19 ; elapsed = 00:00:20 . Memory (MB): peak = 1494.684 ; gain = 163.562

Phase 5.2 Clock Skew Optimization
Phase 5.2 Clock Skew Optimization | Checksum: 18531c43b

Time (s): cpu = 00:00:19 ; elapsed = 00:00:20 . Memory (MB): peak = 1494.684 ; gain = 163.562
Phase 5 Delay and Skew Optimization | Checksum: 18531c43b

Time (s): cpu = 00:00:19 ; elapsed = 00:00:20 . Memory (MB): peak = 1494.684 ; gain = 163.562

Phase 6 Post Hold Fix

Phase 6.1 Hold Fix Iter

Phase 6.1.1 Update Timing
Phase 6.1.1 Update Timing | Checksum: d4c37828

Time (s): cpu = 00:00:19 ; elapsed = 00:00:20 . Memory (MB): peak = 1494.684 ; gain = 163.562
INFO: [Route 35-416] Intermediate Timing Summary | WNS=5.236  | TNS=0.000  | WHS=0.247  | THS=0.000  |

Phase 6.1 Hold Fix Iter | Checksum: d4c37828

Time (s): cpu = 00:00:19 ; elapsed = 00:00:20 . Memory (MB): peak = 1494.684 ; gain = 163.562
Phase 6 Post Hold Fix | Checksum: d4c37828

Time (s): cpu = 00:00:19 ; elapsed = 00:00:20 . Memory (MB): peak = 1494.684 ; gain = 163.562

Phase 7 Route finalize

Router Utilization Summary
  Global Vertical Routing Utilization    = 0.032847 %
  Global Horizontal Routing Utilization  = 0.0448985 %
>>>>>>> Stashed changes
  Routable Net Status*
  *Does not include unroutable nets such as driverless and loadless.
  Run report_route_status for detailed report.
  Number of Failed Nets               = 0
    (Failed Nets is the sum of unrouted and partially routed nets)
  Number of Unrouted Nets             = 0
  Number of Partially Routed Nets     = 0
  Number of Node Overlaps             = 0

<<<<<<< Updated upstream

--GLOBAL Congestion:
Utilization threshold used for congestion level computation: 0.85
Congestion Report
North Dir 1x1 Area, Max Cong = 0%, No Congested Regions.
South Dir 1x1 Area, Max Cong = 1.8018%, No Congested Regions.
East Dir 1x1 Area, Max Cong = 2.94118%, No Congested Regions.
West Dir 1x1 Area, Max Cong = 1.47059%, No Congested Regions.
=======
Phase 7 Route finalize | Checksum: 174ca468d

Time (s): cpu = 00:00:19 ; elapsed = 00:00:20 . Memory (MB): peak = 1494.684 ; gain = 163.562
>>>>>>> Stashed changes

------------------------------
Reporting congestion hotspots
------------------------------
Direction: North
----------------
Congested clusters found at Level 0
Effective congestion level: 0 Aspect Ratio: 1 Sparse Ratio: 0
Direction: South
----------------
Congested clusters found at Level 0
Effective congestion level: 0 Aspect Ratio: 1 Sparse Ratio: 0
Direction: East
----------------
Congested clusters found at Level 0
Effective congestion level: 0 Aspect Ratio: 1 Sparse Ratio: 0
Direction: West
----------------
Congested clusters found at Level 0
Effective congestion level: 0 Aspect Ratio: 1 Sparse Ratio: 0

Phase 8 Route finalize | Checksum: 29e198f6e

Time (s): cpu = 00:00:17 ; elapsed = 00:00:16 . Memory (MB): peak = 1837.215 ; gain = 0.000

Phase 9 Verifying routed nets

 Verification completed successfully
<<<<<<< Updated upstream
Phase 9 Verifying routed nets | Checksum: 29e198f6e

Time (s): cpu = 00:00:17 ; elapsed = 00:00:16 . Memory (MB): peak = 1837.215 ; gain = 0.000

Phase 10 Depositing Routes
Phase 10 Depositing Routes | Checksum: 2ef14f869

Time (s): cpu = 00:00:17 ; elapsed = 00:00:16 . Memory (MB): peak = 1837.215 ; gain = 0.000

Phase 11 Post Process Routing
Phase 11 Post Process Routing | Checksum: 2ef14f869

Time (s): cpu = 00:00:17 ; elapsed = 00:00:16 . Memory (MB): peak = 1837.215 ; gain = 0.000
Total Elapsed time in route_design: 16.145 secs

Phase 12 Post-Route Event Processing
Phase 12 Post-Route Event Processing | Checksum: cef5c41d

Time (s): cpu = 00:00:17 ; elapsed = 00:00:16 . Memory (MB): peak = 1837.215 ; gain = 0.000
=======
Phase 8 Verifying routed nets | Checksum: 174ca468d

Time (s): cpu = 00:00:19 ; elapsed = 00:00:20 . Memory (MB): peak = 1496.699 ; gain = 165.578

Phase 9 Depositing Routes
Phase 9 Depositing Routes | Checksum: 19584cad2

Time (s): cpu = 00:00:19 ; elapsed = 00:00:20 . Memory (MB): peak = 1496.699 ; gain = 165.578

Phase 10 Post Router Timing
INFO: [Route 35-57] Estimated Timing Summary | WNS=5.236  | TNS=0.000  | WHS=0.247  | THS=0.000  |

INFO: [Route 35-327] The final timing numbers are based on the router estimated timing analysis. For a complete and accurate timing signoff, please run report_timing_summary.
Phase 10 Post Router Timing | Checksum: 19584cad2

Time (s): cpu = 00:00:19 ; elapsed = 00:00:20 . Memory (MB): peak = 1496.699 ; gain = 165.578
>>>>>>> Stashed changes
INFO: [Route 35-16] Router Completed Successfully
Ending Routing Task | Checksum: cef5c41d

<<<<<<< Updated upstream
Time (s): cpu = 00:00:17 ; elapsed = 00:00:16 . Memory (MB): peak = 1837.215 ; gain = 0.000
=======
Time (s): cpu = 00:00:19 ; elapsed = 00:00:20 . Memory (MB): peak = 1496.699 ; gain = 165.578
>>>>>>> Stashed changes

Routing Is Done.
INFO: [Common 17-83] Releasing license: Implementation
55 Infos, 40 Warnings, 39 Critical Warnings and 0 Errors encountered.
route_design completed successfully
<<<<<<< Updated upstream
route_design: Time (s): cpu = 00:00:17 ; elapsed = 00:00:16 . Memory (MB): peak = 1837.215 ; gain = 0.000
INFO: [Vivado 12-24828] Executing command : report_drc -file Tri_State_Buffer_drc_routed.rpt -pb Tri_State_Buffer_drc_routed.pb -rpx Tri_State_Buffer_drc_routed.rpx
Command: report_drc -file Tri_State_Buffer_drc_routed.rpt -pb Tri_State_Buffer_drc_routed.pb -rpx Tri_State_Buffer_drc_routed.rpx
=======
route_design: Time (s): cpu = 00:00:20 ; elapsed = 00:00:21 . Memory (MB): peak = 1496.699 ; gain = 165.578
Netlist sorting complete. Time (s): cpu = 00:00:00 ; elapsed = 00:00:00 . Memory (MB): peak = 1496.699 ; gain = 0.000
INFO: [Timing 38-480] Writing timing data to binary archive.
Writing placer database...
Writing XDEF routing.
Writing XDEF routing logical nets.
Writing XDEF routing special nets.
Write XDEF Complete: Time (s): cpu = 00:00:01 ; elapsed = 00:00:00.058 . Memory (MB): peak = 1496.699 ; gain = 0.000
Netlist sorting complete. Time (s): cpu = 00:00:00 ; elapsed = 00:00:00 . Memory (MB): peak = 1496.699 ; gain = 0.000
INFO: [Common 17-1381] The checkpoint 'C:/Users/USER/Desktop/Nanoprocessor-Design-Compettition-main/src/project_1/project_1.runs/impl_1/Nano_Processor_7_seg_routed.dcp' has been generated.
INFO: [runtcl-4] Executing : report_drc -file Nano_Processor_7_seg_drc_routed.rpt -pb Nano_Processor_7_seg_drc_routed.pb -rpx Nano_Processor_7_seg_drc_routed.rpx
Command: report_drc -file Nano_Processor_7_seg_drc_routed.rpt -pb Nano_Processor_7_seg_drc_routed.pb -rpx Nano_Processor_7_seg_drc_routed.rpx
>>>>>>> Stashed changes
INFO: [IP_Flow 19-1839] IP Catalog is up to date.
INFO: [DRC 23-27] Running DRC with 2 threads
INFO: [Vivado_Tcl 2-168] The results of DRC are in file C:/Users/VICTUS/OneDrive/Desktop/COADD/Nanoprocessor-Design/Nanoprocessor-Design-Compettition-main/src/project_1/project_1.runs/impl_1/Tri_State_Buffer_drc_routed.rpt.
report_drc completed successfully
INFO: [Vivado 12-24828] Executing command : report_methodology -file Tri_State_Buffer_methodology_drc_routed.rpt -pb Tri_State_Buffer_methodology_drc_routed.pb -rpx Tri_State_Buffer_methodology_drc_routed.rpx
Command: report_methodology -file Tri_State_Buffer_methodology_drc_routed.rpt -pb Tri_State_Buffer_methodology_drc_routed.pb -rpx Tri_State_Buffer_methodology_drc_routed.rpx
INFO: [Timing 38-35] Done setting XDC timing constraints.
INFO: [DRC 23-133] Running Methodology with 2 threads
INFO: [Vivado_Tcl 2-1520] The results of Report Methodology are in file C:/Users/VICTUS/OneDrive/Desktop/COADD/Nanoprocessor-Design/Nanoprocessor-Design-Compettition-main/src/project_1/project_1.runs/impl_1/Tri_State_Buffer_methodology_drc_routed.rpt.
report_methodology completed successfully
INFO: [Vivado 12-24828] Executing command : report_timing_summary -max_paths 10 -file Tri_State_Buffer_timing_summary_routed.rpt -pb Tri_State_Buffer_timing_summary_routed.pb -rpx Tri_State_Buffer_timing_summary_routed.rpx -warn_on_violation 
INFO: [Timing 38-35] Done setting XDC timing constraints.
INFO: [Timing 38-91] UpdateTimingParams: Speed grade: -1, Delay Type: min_max.
INFO: [Timing 38-191] Multithreading enabled for timing update using a maximum of 2 CPUs
WARNING: [Timing 38-313] There are no user specified timing constraints. Timing constraints are needed for proper timing analysis.
INFO: [Vivado 12-24838] Running report commands "report_incremental_reuse, report_route_status" in parallel.
Running report generation with 2 threads.
INFO: [Vivado 12-24828] Executing command : report_route_status -file Tri_State_Buffer_route_status.rpt -pb Tri_State_Buffer_route_status.pb
INFO: [Vivado 12-24828] Executing command : report_incremental_reuse -file Tri_State_Buffer_incremental_reuse_routed.rpt
INFO: [Vivado_Tcl 4-1062] Incremental flow is disabled. No incremental reuse Info to report.
INFO: [Vivado 12-24828] Executing command : report_power -file Tri_State_Buffer_power_routed.rpt -pb Tri_State_Buffer_power_summary_routed.pb -rpx Tri_State_Buffer_power_routed.rpx
Command: report_power -file Tri_State_Buffer_power_routed.rpt -pb Tri_State_Buffer_power_summary_routed.pb -rpx Tri_State_Buffer_power_routed.rpx
WARNING: [Power 33-232] No user defined clocks were found in the design! Power estimation will be inaccurate until this is corrected.
Resolution: Please specify clocks using create_clock/create_generated_clock for sequential elements. For pure combinatorial circuits, please specify a virtual clock, otherwise the vectorless estimation might be inaccurate
Running Vector-less Activity Propagation...

Finished Running Vector-less Activity Propagation
72 Infos, 42 Warnings, 39 Critical Warnings and 0 Errors encountered.
report_power completed successfully
INFO: [Vivado 12-24828] Executing command : report_clock_utilization -file Tri_State_Buffer_clock_utilization_routed.rpt
INFO: [Vivado 12-24828] Executing command : report_bus_skew -warn_on_violation -file Tri_State_Buffer_bus_skew_routed.rpt -pb Tri_State_Buffer_bus_skew_routed.pb -rpx Tri_State_Buffer_bus_skew_routed.rpx
INFO: [Timing 38-91] UpdateTimingParams: Speed grade: -1, Delay Type: min_max.
INFO: [Timing 38-191] Multithreading enabled for timing update using a maximum of 2 CPUs
<<<<<<< Updated upstream
Write ShapeDB Complete: Time (s): cpu = 00:00:00 ; elapsed = 00:00:00.001 . Memory (MB): peak = 1837.215 ; gain = 0.000
INFO: [Timing 38-480] Writing timing data to binary archive.
Wrote PlaceDB: Time (s): cpu = 00:00:00 ; elapsed = 00:00:00 . Memory (MB): peak = 1837.215 ; gain = 0.000
Wrote PulsedLatchDB: Time (s): cpu = 00:00:00 ; elapsed = 00:00:00 . Memory (MB): peak = 1837.215 ; gain = 0.000
Writing XDEF routing.
Writing XDEF routing logical nets.
Writing XDEF routing special nets.
Wrote RouteStorage: Time (s): cpu = 00:00:00 ; elapsed = 00:00:00.021 . Memory (MB): peak = 1837.215 ; gain = 0.000
Wrote PlaceStorage: Time (s): cpu = 00:00:00 ; elapsed = 00:00:00.001 . Memory (MB): peak = 1837.215 ; gain = 0.000
Wrote Netlist Cache: Time (s): cpu = 00:00:00 ; elapsed = 00:00:00 . Memory (MB): peak = 1837.215 ; gain = 0.000
Wrote Device Cache: Time (s): cpu = 00:00:00 ; elapsed = 00:00:00.009 . Memory (MB): peak = 1837.215 ; gain = 0.000
Write Physdb Complete: Time (s): cpu = 00:00:00 ; elapsed = 00:00:00.039 . Memory (MB): peak = 1837.215 ; gain = 0.000
INFO: [Common 17-1381] The checkpoint 'C:/Users/VICTUS/OneDrive/Desktop/COADD/Nanoprocessor-Design/Nanoprocessor-Design-Compettition-main/src/project_1/project_1.runs/impl_1/Tri_State_Buffer_routed.dcp' has been generated.
INFO: [Common 17-206] Exiting Vivado at Fri May  1 22:10:42 2026...
=======
INFO: [runtcl-4] Executing : report_incremental_reuse -file Nano_Processor_7_seg_incremental_reuse_routed.rpt
INFO: [Vivado_Tcl 4-1062] Incremental flow is disabled. No incremental reuse Info to report.
INFO: [runtcl-4] Executing : report_clock_utilization -file Nano_Processor_7_seg_clock_utilization_routed.rpt
INFO: [runtcl-4] Executing : report_bus_skew -warn_on_violation -file Nano_Processor_7_seg_bus_skew_routed.rpt -pb Nano_Processor_7_seg_bus_skew_routed.pb -rpx Nano_Processor_7_seg_bus_skew_routed.rpx
INFO: [Timing 38-91] UpdateTimingParams: Speed grade: -1, Delay Type: min_max.
INFO: [Timing 38-191] Multithreading enabled for timing update using a maximum of 2 CPUs
INFO: [Common 17-206] Exiting Vivado at Sun May  3 11:29:14 2026...
>>>>>>> Stashed changes
