Copyright 1986-2018 Xilinx, Inc. All Rights Reserved.
-------------------------------------------------------------------------------------------------------------------------------------
<<<<<<< Updated upstream:Optimized/project_1/project_1.runs/impl_1/Nano_Processor_7_seg_utilization_placed.rpt
| Tool Version : Vivado v.2018.2 (win64) Build 2258646 Thu Jun 14 20:03:12 MDT 2018
| Date         : Thu Aug 18 08:10:07 2022
| Host         : Akmal-Computer running 64-bit major release  (build 9200)
=======
| Tool Version : Vivado v.2018.3 (win64) Build 2405991 Thu Dec  6 23:38:27 MST 2018
| Date         : Sun May  3 11:28:50 2026
| Host         : DESKTOP-FT0TDHF running 64-bit major release  (build 9200)
>>>>>>> Stashed changes:Nanoprocessor-Design-Compettition-main/src/project_1/project_1.runs/impl_1/Nano_Processor_7_seg_utilization_placed.rpt
| Command      : report_utilization -file Nano_Processor_7_seg_utilization_placed.rpt -pb Nano_Processor_7_seg_utilization_placed.pb
| Design       : Nano_Processor_7_seg
| Device       : 7a35tcpg236-1
| Design State : Fully Placed
-------------------------------------------------------------------------------------------------------------------------------------

Utilization Design Information

Table of Contents
-----------------
1. Slice Logic
1.1 Summary of Registers by Type
2. Slice Logic Distribution
3. Memory
4. DSP
5. IO and GT Specific
6. Clocking
7. Specific Feature
8. Primitives
9. Black Boxes
10. Instantiated Netlists

1. Slice Logic
--------------

+-------------------------+------+-------+-----------+-------+
|        Site Type        | Used | Fixed | Available | Util% |
+-------------------------+------+-------+-----------+-------+
<<<<<<< Updated upstream:Optimized/project_1/project_1.runs/impl_1/Nano_Processor_7_seg_utilization_placed.rpt
| Slice LUTs              |   52 |     0 |     20800 |  0.25 |
|   LUT as Logic          |   52 |     0 |     20800 |  0.25 |
|   LUT as Memory         |    0 |     0 |      9600 |  0.00 |
| Slice Registers         |   53 |     0 |     41600 |  0.13 |
|   Register as Flip Flop |   53 |     0 |     41600 |  0.13 |
|   Register as Latch     |    0 |     0 |     41600 |  0.00 |
| F7 Muxes                |    0 |     0 |     16300 |  0.00 |
=======
| Slice LUTs              |   78 |     0 |     20800 |  0.38 |
|   LUT as Logic          |   78 |     0 |     20800 |  0.38 |
|   LUT as Memory         |    0 |     0 |      9600 |  0.00 |
| Slice Registers         |   51 |     0 |     41600 |  0.12 |
|   Register as Flip Flop |   51 |     0 |     41600 |  0.12 |
|   Register as Latch     |    0 |     0 |     41600 |  0.00 |
| F7 Muxes                |    3 |     0 |     16300 |  0.02 |
>>>>>>> Stashed changes:Nanoprocessor-Design-Compettition-main/src/project_1/project_1.runs/impl_1/Nano_Processor_7_seg_utilization_placed.rpt
| F8 Muxes                |    0 |     0 |      8150 |  0.00 |
+-------------------------+------+-------+-----------+-------+


1.1 Summary of Registers by Type
--------------------------------

+-------+--------------+-------------+--------------+
| Total | Clock Enable | Synchronous | Asynchronous |
+-------+--------------+-------------+--------------+
| 0     |            _ |           - |            - |
| 0     |            _ |           - |          Set |
| 0     |            _ |           - |        Reset |
| 0     |            _ |         Set |            - |
| 0     |            _ |       Reset |            - |
| 0     |          Yes |           - |            - |
| 0     |          Yes |           - |          Set |
| 16    |          Yes |           - |        Reset |
| 0     |          Yes |         Set |            - |
<<<<<<< Updated upstream:Optimized/project_1/project_1.runs/impl_1/Nano_Processor_7_seg_utilization_placed.rpt
| 37    |          Yes |       Reset |            - |
=======
| 51    |          Yes |       Reset |            - |
>>>>>>> Stashed changes:Nanoprocessor-Design-Compettition-main/src/project_1/project_1.runs/impl_1/Nano_Processor_7_seg_utilization_placed.rpt
+-------+--------------+-------------+--------------+


2. Slice Logic Distribution
---------------------------

<<<<<<< Updated upstream:Optimized/project_1/project_1.runs/impl_1/Nano_Processor_7_seg_utilization_placed.rpt
+-------------------------------------------+------+-------+-----------+-------+
|                 Site Type                 | Used | Fixed | Available | Util% |
+-------------------------------------------+------+-------+-----------+-------+
| Slice                                     |   26 |     0 |      8150 |  0.32 |
|   SLICEL                                  |   19 |     0 |           |       |
|   SLICEM                                  |    7 |     0 |           |       |
| LUT as Logic                              |   52 |     0 |     20800 |  0.25 |
|   using O5 output only                    |    0 |       |           |       |
|   using O6 output only                    |   42 |       |           |       |
|   using O5 and O6                         |   10 |       |           |       |
| LUT as Memory                             |    0 |     0 |      9600 |  0.00 |
|   LUT as Distributed RAM                  |    0 |     0 |           |       |
|   LUT as Shift Register                   |    0 |     0 |           |       |
| LUT Flip Flop Pairs                       |    6 |     0 |     20800 |  0.03 |
|   fully used LUT-FF pairs                 |    2 |       |           |       |
|   LUT-FF pairs with one unused LUT output |    3 |       |           |       |
|   LUT-FF pairs with one unused Flip Flop  |    4 |       |           |       |
| Unique Control Sets                       |    7 |       |           |       |
+-------------------------------------------+------+-------+-----------+-------+
* Note: Review the Control Sets Report for more information regarding control sets.
=======
+--------------------------------------------+------+-------+-----------+-------+
|                  Site Type                 | Used | Fixed | Available | Util% |
+--------------------------------------------+------+-------+-----------+-------+
| Slice                                      |   35 |     0 |      8150 |  0.43 |
|   SLICEL                                   |   28 |     0 |           |       |
|   SLICEM                                   |    7 |     0 |           |       |
| LUT as Logic                               |   78 |     0 |     20800 |  0.38 |
|   using O5 output only                     |    0 |       |           |       |
|   using O6 output only                     |   56 |       |           |       |
|   using O5 and O6                          |   22 |       |           |       |
| LUT as Memory                              |    0 |     0 |      9600 |  0.00 |
|   LUT as Distributed RAM                   |    0 |     0 |           |       |
|   LUT as Shift Register                    |    0 |     0 |           |       |
| Slice Registers                            |   51 |     0 |     41600 |  0.12 |
|   Register driven from within the Slice    |   40 |       |           |       |
|   Register driven from outside the Slice   |   11 |       |           |       |
|     LUT in front of the register is unused |    0 |       |           |       |
|     LUT in front of the register is used   |   11 |       |           |       |
| Unique Control Sets                        |    6 |       |      8150 |  0.07 |
+--------------------------------------------+------+-------+-----------+-------+
* Note: Available Control Sets calculated as Slice Registers / 8, Review the Control Sets Report for more information regarding control sets.
>>>>>>> Stashed changes:Nanoprocessor-Design-Compettition-main/src/project_1/project_1.runs/impl_1/Nano_Processor_7_seg_utilization_placed.rpt


3. Memory
---------

+----------------+------+-------+-----------+-------+
|    Site Type   | Used | Fixed | Available | Util% |
+----------------+------+-------+-----------+-------+
| Block RAM Tile |    0 |     0 |        50 |  0.00 |
|   RAMB36/FIFO* |    0 |     0 |        50 |  0.00 |
|   RAMB18       |    0 |     0 |       100 |  0.00 |
+----------------+------+-------+-----------+-------+
* Note: Each Block RAM Tile only has one FIFO logic available and therefore can accommodate only one FIFO36E1 or one FIFO18E1. However, if a FIFO18E1 occupies a Block RAM Tile, that tile can still accommodate a RAMB18E1


4. DSP
------

+-----------+------+-------+-----------+-------+
| Site Type | Used | Fixed | Available | Util% |
+-----------+------+-------+-----------+-------+
| DSPs      |    0 |     0 |        90 |  0.00 |
+-----------+------+-------+-----------+-------+


5. IO and GT Specific
---------------------

+-----------------------------+------+-------+-----------+-------+
|          Site Type          | Used | Fixed | Available | Util% |
+-----------------------------+------+-------+-----------+-------+
| Bonded IOB                  |   19 |    19 |       106 | 17.92 |
|   IOB Master Pads           |    7 |       |           |       |
|   IOB Slave Pads            |   12 |       |           |       |
| Bonded IPADs                |    0 |     0 |        10 |  0.00 |
| Bonded OPADs                |    0 |     0 |         4 |  0.00 |
| PHY_CONTROL                 |    0 |     0 |         5 |  0.00 |
| PHASER_REF                  |    0 |     0 |         5 |  0.00 |
| OUT_FIFO                    |    0 |     0 |        20 |  0.00 |
| IN_FIFO                     |    0 |     0 |        20 |  0.00 |
| IDELAYCTRL                  |    0 |     0 |         5 |  0.00 |
| IBUFDS                      |    0 |     0 |       104 |  0.00 |
| GTPE2_CHANNEL               |    0 |     0 |         2 |  0.00 |
| PHASER_OUT/PHASER_OUT_PHY   |    0 |     0 |        20 |  0.00 |
| PHASER_IN/PHASER_IN_PHY     |    0 |     0 |        20 |  0.00 |
| IDELAYE2/IDELAYE2_FINEDELAY |    0 |     0 |       250 |  0.00 |
| IBUFDS_GTE2                 |    0 |     0 |         2 |  0.00 |
| ILOGIC                      |    0 |     0 |       106 |  0.00 |
| OLOGIC                      |    0 |     0 |       106 |  0.00 |
+-----------------------------+------+-------+-----------+-------+


6. Clocking
-----------

+------------+------+-------+-----------+-------+
|  Site Type | Used | Fixed | Available | Util% |
+------------+------+-------+-----------+-------+
| BUFGCTRL   |    1 |     0 |        32 |  3.13 |
| BUFIO      |    0 |     0 |        20 |  0.00 |
| MMCME2_ADV |    0 |     0 |         5 |  0.00 |
| PLLE2_ADV  |    0 |     0 |         5 |  0.00 |
| BUFMRCE    |    0 |     0 |        10 |  0.00 |
| BUFHCE     |    0 |     0 |        72 |  0.00 |
| BUFR       |    0 |     0 |        20 |  0.00 |
+------------+------+-------+-----------+-------+


7. Specific Feature
-------------------

+-------------+------+-------+-----------+-------+
|  Site Type  | Used | Fixed | Available | Util% |
+-------------+------+-------+-----------+-------+
| BSCANE2     |    0 |     0 |         4 |  0.00 |
| CAPTUREE2   |    0 |     0 |         1 |  0.00 |
| DNA_PORT    |    0 |     0 |         1 |  0.00 |
| EFUSE_USR   |    0 |     0 |         1 |  0.00 |
| FRAME_ECCE2 |    0 |     0 |         1 |  0.00 |
| ICAPE2      |    0 |     0 |         2 |  0.00 |
| PCIE_2_1    |    0 |     0 |         1 |  0.00 |
| STARTUPE2   |    0 |     0 |         1 |  0.00 |
| XADC        |    0 |     0 |         1 |  0.00 |
+-------------+------+-------+-----------+-------+


8. Primitives
-------------

+----------+------+---------------------+
| Ref Name | Used | Functional Category |
+----------+------+---------------------+
<<<<<<< Updated upstream:Optimized/project_1/project_1.runs/impl_1/Nano_Processor_7_seg_utilization_placed.rpt
| FDRE     |   37 |        Flop & Latch |
| LUT5     |   21 |                 LUT |
| LUT4     |   21 |                 LUT |
| OBUF     |   17 |                  IO |
| FDCE     |   16 |        Flop & Latch |
| LUT6     |   14 |                 LUT |
| CARRY4   |    8 |          CarryLogic |
| LUT3     |    5 |                 LUT |
| IBUF     |    2 |                  IO |
| LUT2     |    1 |                 LUT |
=======
| FDRE     |   51 |        Flop & Latch |
| LUT6     |   28 |                 LUT |
| LUT5     |   28 |                 LUT |
| LUT4     |   19 |                 LUT |
| OBUF     |   17 |                  IO |
| LUT2     |   14 |                 LUT |
| LUT3     |   10 |                 LUT |
| CARRY4   |   10 |          CarryLogic |
| MUXF7    |    3 |               MuxFx |
| IBUF     |    2 |                  IO |
| LUT1     |    1 |                 LUT |
>>>>>>> Stashed changes:Nanoprocessor-Design-Compettition-main/src/project_1/project_1.runs/impl_1/Nano_Processor_7_seg_utilization_placed.rpt
| BUFG     |    1 |               Clock |
+----------+------+---------------------+


9. Black Boxes
--------------

+----------+------+
| Ref Name | Used |
+----------+------+


10. Instantiated Netlists
-------------------------

+----------+------+
| Ref Name | Used |
+----------+------+


